Archive member included because of file (symbol)

/Users/jonathan/pebble-dev/PebbleSDK-3.0-dp3/Pebble/basalt/lib/libpebble.a(tmp4Ztj47pebble.o)
                              src/palette_tester.c.23.o (app_event_loop)

Discarded input sections

 .text          0x0000000000000000        0x0 /Users/jonathan/pebble-dev/PebbleSDK-3.0-dp3/arm-cs-tools/bin/../lib/gcc/arm-none-eabi/4.7.2/thumb2/crti.o
 .bss           0x0000000000000000        0x0 /Users/jonathan/pebble-dev/PebbleSDK-3.0-dp3/arm-cs-tools/bin/../lib/gcc/arm-none-eabi/4.7.2/thumb2/crti.o
 .init          0x0000000000000000        0x4 /Users/jonathan/pebble-dev/PebbleSDK-3.0-dp3/arm-cs-tools/bin/../lib/gcc/arm-none-eabi/4.7.2/thumb2/crti.o
 .fini          0x0000000000000000        0x4 /Users/jonathan/pebble-dev/PebbleSDK-3.0-dp3/arm-cs-tools/bin/../lib/gcc/arm-none-eabi/4.7.2/thumb2/crti.o
 .text          0x0000000000000000       0xc8 /Users/jonathan/pebble-dev/PebbleSDK-3.0-dp3/arm-cs-tools/bin/../lib/gcc/arm-none-eabi/4.7.2/thumb2/crtbegin.o
 .bss           0x0000000000000000       0x1c /Users/jonathan/pebble-dev/PebbleSDK-3.0-dp3/arm-cs-tools/bin/../lib/gcc/arm-none-eabi/4.7.2/thumb2/crtbegin.o
 .init_array    0x0000000000000000        0x4 /Users/jonathan/pebble-dev/PebbleSDK-3.0-dp3/arm-cs-tools/bin/../lib/gcc/arm-none-eabi/4.7.2/thumb2/crtbegin.o
 .fini_array    0x0000000000000000        0x4 /Users/jonathan/pebble-dev/PebbleSDK-3.0-dp3/arm-cs-tools/bin/../lib/gcc/arm-none-eabi/4.7.2/thumb2/crtbegin.o
 .eh_frame      0x0000000000000000        0x0 /Users/jonathan/pebble-dev/PebbleSDK-3.0-dp3/arm-cs-tools/bin/../lib/gcc/arm-none-eabi/4.7.2/thumb2/crtbegin.o
 .jcr           0x0000000000000000        0x0 /Users/jonathan/pebble-dev/PebbleSDK-3.0-dp3/arm-cs-tools/bin/../lib/gcc/arm-none-eabi/4.7.2/thumb2/crtbegin.o
 .tm_clone_table
                0x0000000000000000        0x0 /Users/jonathan/pebble-dev/PebbleSDK-3.0-dp3/arm-cs-tools/bin/../lib/gcc/arm-none-eabi/4.7.2/thumb2/crtbegin.o
 .text          0x0000000000000000        0x0 src/gbitmap_colour_manipulator.c.23.o
 .bss           0x0000000000000000        0x0 src/gbitmap_colour_manipulator.c.23.o
 .text          0x0000000000000000        0x0 src/palette_tester.c.23.o
 .bss           0x0000000000000000        0x0 src/palette_tester.c.23.o
 .text          0x0000000000000000        0x0 basalt/appinfo.auto.c.23.o
 .bss           0x0000000000000000        0x0 basalt/appinfo.auto.c.23.o
 .bss           0x0000000000000000        0x0 /Users/jonathan/pebble-dev/PebbleSDK-3.0-dp3/Pebble/basalt/lib/libpebble.a(tmp4Ztj47pebble.o)
 .text.accel_data_service_subscribe__deprecated
                0x0000000000000000        0xc /Users/jonathan/pebble-dev/PebbleSDK-3.0-dp3/Pebble/basalt/lib/libpebble.a(tmp4Ztj47pebble.o)
 .text.accel_data_service_unsubscribe
                0x0000000000000000        0xc /Users/jonathan/pebble-dev/PebbleSDK-3.0-dp3/Pebble/basalt/lib/libpebble.a(tmp4Ztj47pebble.o)
 .text.accel_service_peek
                0x0000000000000000        0xc /Users/jonathan/pebble-dev/PebbleSDK-3.0-dp3/Pebble/basalt/lib/libpebble.a(tmp4Ztj47pebble.o)
 .text.accel_service_set_samples_per_update
                0x0000000000000000        0xc /Users/jonathan/pebble-dev/PebbleSDK-3.0-dp3/Pebble/basalt/lib/libpebble.a(tmp4Ztj47pebble.o)
 .text.accel_service_set_sampling_rate
                0x0000000000000000        0xc /Users/jonathan/pebble-dev/PebbleSDK-3.0-dp3/Pebble/basalt/lib/libpebble.a(tmp4Ztj47pebble.o)
 .text.accel_tap_service_subscribe
                0x0000000000000000        0xc /Users/jonathan/pebble-dev/PebbleSDK-3.0-dp3/Pebble/basalt/lib/libpebble.a(tmp4Ztj47pebble.o)
 .text.accel_tap_service_unsubscribe
                0x0000000000000000        0xc /Users/jonathan/pebble-dev/PebbleSDK-3.0-dp3/Pebble/basalt/lib/libpebble.a(tmp4Ztj47pebble.o)
 .text.action_bar_layer_add_to_window
                0x0000000000000000        0xc /Users/jonathan/pebble-dev/PebbleSDK-3.0-dp3/Pebble/basalt/lib/libpebble.a(tmp4Ztj47pebble.o)
 .text.action_bar_layer_clear_icon
                0x0000000000000000        0xc /Users/jonathan/pebble-dev/PebbleSDK-3.0-dp3/Pebble/basalt/lib/libpebble.a(tmp4Ztj47pebble.o)
 .text.action_bar_layer_create
                0x0000000000000000        0xc /Users/jonathan/pebble-dev/PebbleSDK-3.0-dp3/Pebble/basalt/lib/libpebble.a(tmp4Ztj47pebble.o)
 .text.action_bar_layer_destroy
                0x0000000000000000        0xc /Users/jonathan/pebble-dev/PebbleSDK-3.0-dp3/Pebble/basalt/lib/libpebble.a(tmp4Ztj47pebble.o)
 .text.action_bar_layer_get_layer
                0x0000000000000000        0xc /Users/jonathan/pebble-dev/PebbleSDK-3.0-dp3/Pebble/basalt/lib/libpebble.a(tmp4Ztj47pebble.o)
 .text.action_bar_layer_remove_from_window
                0x0000000000000000        0xc /Users/jonathan/pebble-dev/PebbleSDK-3.0-dp3/Pebble/basalt/lib/libpebble.a(tmp4Ztj47pebble.o)
 .text.action_bar_layer_set_background_color_2bit
                0x0000000000000000        0xc /Users/jonathan/pebble-dev/PebbleSDK-3.0-dp3/Pebble/basalt/lib/libpebble.a(tmp4Ztj47pebble.o)
 .text.action_bar_layer_set_click_config_provider
                0x0000000000000000        0xc /Users/jonathan/pebble-dev/PebbleSDK-3.0-dp3/Pebble/basalt/lib/libpebble.a(tmp4Ztj47pebble.o)
 .text.action_bar_layer_set_context
                0x0000000000000000        0xc /Users/jonathan/pebble-dev/PebbleSDK-3.0-dp3/Pebble/basalt/lib/libpebble.a(tmp4Ztj47pebble.o)
 .text.action_bar_layer_set_icon
                0x0000000000000000        0xc /Users/jonathan/pebble-dev/PebbleSDK-3.0-dp3/Pebble/basalt/lib/libpebble.a(tmp4Ztj47pebble.o)
 .text.animation_legacy2_create
                0x0000000000000000        0xc /Users/jonathan/pebble-dev/PebbleSDK-3.0-dp3/Pebble/basalt/lib/libpebble.a(tmp4Ztj47pebble.o)
 .text.animation_legacy2_destroy
                0x0000000000000000        0xc /Users/jonathan/pebble-dev/PebbleSDK-3.0-dp3/Pebble/basalt/lib/libpebble.a(tmp4Ztj47pebble.o)
 .text.animation_legacy2_get_context
                0x0000000000000000        0xc /Users/jonathan/pebble-dev/PebbleSDK-3.0-dp3/Pebble/basalt/lib/libpebble.a(tmp4Ztj47pebble.o)
 .text.animation_legacy2_is_scheduled
                0x0000000000000000        0xc /Users/jonathan/pebble-dev/PebbleSDK-3.0-dp3/Pebble/basalt/lib/libpebble.a(tmp4Ztj47pebble.o)
 .text.animation_legacy2_schedule
                0x0000000000000000        0xc /Users/jonathan/pebble-dev/PebbleSDK-3.0-dp3/Pebble/basalt/lib/libpebble.a(tmp4Ztj47pebble.o)
 .text.animation_legacy2_set_curve
                0x0000000000000000        0xc /Users/jonathan/pebble-dev/PebbleSDK-3.0-dp3/Pebble/basalt/lib/libpebble.a(tmp4Ztj47pebble.o)
 .text.animation_legacy2_set_delay
                0x0000000000000000        0xc /Users/jonathan/pebble-dev/PebbleSDK-3.0-dp3/Pebble/basalt/lib/libpebble.a(tmp4Ztj47pebble.o)
 .text.animation_legacy2_set_duration
                0x0000000000000000        0xc /Users/jonathan/pebble-dev/PebbleSDK-3.0-dp3/Pebble/basalt/lib/libpebble.a(tmp4Ztj47pebble.o)
 .text.animation_legacy2_set_handlers
                0x0000000000000000        0xc /Users/jonathan/pebble-dev/PebbleSDK-3.0-dp3/Pebble/basalt/lib/libpebble.a(tmp4Ztj47pebble.o)
 .text.animation_legacy2_set_implementation
                0x0000000000000000        0xc /Users/jonathan/pebble-dev/PebbleSDK-3.0-dp3/Pebble/basalt/lib/libpebble.a(tmp4Ztj47pebble.o)
 .text.animation_legacy2_unschedule
                0x0000000000000000        0xc /Users/jonathan/pebble-dev/PebbleSDK-3.0-dp3/Pebble/basalt/lib/libpebble.a(tmp4Ztj47pebble.o)
 .text.animation_legacy2_unschedule_all
                0x0000000000000000        0xc /Users/jonathan/pebble-dev/PebbleSDK-3.0-dp3/Pebble/basalt/lib/libpebble.a(tmp4Ztj47pebble.o)
 .text.app_comm_get_sniff_interval
                0x0000000000000000        0xc /Users/jonathan/pebble-dev/PebbleSDK-3.0-dp3/Pebble/basalt/lib/libpebble.a(tmp4Ztj47pebble.o)
 .text.app_comm_set_sniff_interval
                0x0000000000000000        0xc /Users/jonathan/pebble-dev/PebbleSDK-3.0-dp3/Pebble/basalt/lib/libpebble.a(tmp4Ztj47pebble.o)
 .text.app_message_deregister_callbacks
                0x0000000000000000        0xc /Users/jonathan/pebble-dev/PebbleSDK-3.0-dp3/Pebble/basalt/lib/libpebble.a(tmp4Ztj47pebble.o)
 .text.app_message_open
                0x0000000000000000        0xc /Users/jonathan/pebble-dev/PebbleSDK-3.0-dp3/Pebble/basalt/lib/libpebble.a(tmp4Ztj47pebble.o)
 .text.app_sync_deinit
                0x0000000000000000        0xc /Users/jonathan/pebble-dev/PebbleSDK-3.0-dp3/Pebble/basalt/lib/libpebble.a(tmp4Ztj47pebble.o)
 .text.app_sync_get
                0x0000000000000000        0xc /Users/jonathan/pebble-dev/PebbleSDK-3.0-dp3/Pebble/basalt/lib/libpebble.a(tmp4Ztj47pebble.o)
 .text.app_sync_init
                0x0000000000000000        0xc /Users/jonathan/pebble-dev/PebbleSDK-3.0-dp3/Pebble/basalt/lib/libpebble.a(tmp4Ztj47pebble.o)
 .text.app_sync_set
                0x0000000000000000        0xc /Users/jonathan/pebble-dev/PebbleSDK-3.0-dp3/Pebble/basalt/lib/libpebble.a(tmp4Ztj47pebble.o)
 .text.app_timer_cancel
                0x0000000000000000        0xc /Users/jonathan/pebble-dev/PebbleSDK-3.0-dp3/Pebble/basalt/lib/libpebble.a(tmp4Ztj47pebble.o)
 .text.app_timer_register
                0x0000000000000000        0xc /Users/jonathan/pebble-dev/PebbleSDK-3.0-dp3/Pebble/basalt/lib/libpebble.a(tmp4Ztj47pebble.o)
 .text.app_timer_reschedule
                0x0000000000000000        0xc /Users/jonathan/pebble-dev/PebbleSDK-3.0-dp3/Pebble/basalt/lib/libpebble.a(tmp4Ztj47pebble.o)
 .text.atan2_lookup
                0x0000000000000000        0xc /Users/jonathan/pebble-dev/PebbleSDK-3.0-dp3/Pebble/basalt/lib/libpebble.a(tmp4Ztj47pebble.o)
 .text.atoi     0x0000000000000000        0xc /Users/jonathan/pebble-dev/PebbleSDK-3.0-dp3/Pebble/basalt/lib/libpebble.a(tmp4Ztj47pebble.o)
 .text.atol     0x0000000000000000        0xc /Users/jonathan/pebble-dev/PebbleSDK-3.0-dp3/Pebble/basalt/lib/libpebble.a(tmp4Ztj47pebble.o)
 .text.battery_state_service_peek
                0x0000000000000000        0xc /Users/jonathan/pebble-dev/PebbleSDK-3.0-dp3/Pebble/basalt/lib/libpebble.a(tmp4Ztj47pebble.o)
 .text.battery_state_service_subscribe
                0x0000000000000000        0xc /Users/jonathan/pebble-dev/PebbleSDK-3.0-dp3/Pebble/basalt/lib/libpebble.a(tmp4Ztj47pebble.o)
 .text.battery_state_service_unsubscribe
                0x0000000000000000        0xc /Users/jonathan/pebble-dev/PebbleSDK-3.0-dp3/Pebble/basalt/lib/libpebble.a(tmp4Ztj47pebble.o)
 .text.bitmap_layer_set_alignment
                0x0000000000000000        0xc /Users/jonathan/pebble-dev/PebbleSDK-3.0-dp3/Pebble/basalt/lib/libpebble.a(tmp4Ztj47pebble.o)
 .text.bitmap_layer_set_background_color_2bit
                0x0000000000000000        0xc /Users/jonathan/pebble-dev/PebbleSDK-3.0-dp3/Pebble/basalt/lib/libpebble.a(tmp4Ztj47pebble.o)
 .text.bitmap_layer_set_compositing_mode
                0x0000000000000000        0xc /Users/jonathan/pebble-dev/PebbleSDK-3.0-dp3/Pebble/basalt/lib/libpebble.a(tmp4Ztj47pebble.o)
 .text.bluetooth_connection_service_peek
                0x0000000000000000        0xc /Users/jonathan/pebble-dev/PebbleSDK-3.0-dp3/Pebble/basalt/lib/libpebble.a(tmp4Ztj47pebble.o)
 .text.bluetooth_connection_service_subscribe
                0x0000000000000000        0xc /Users/jonathan/pebble-dev/PebbleSDK-3.0-dp3/Pebble/basalt/lib/libpebble.a(tmp4Ztj47pebble.o)
 .text.bluetooth_connection_service_unsubscribe
                0x0000000000000000        0xc /Users/jonathan/pebble-dev/PebbleSDK-3.0-dp3/Pebble/basalt/lib/libpebble.a(tmp4Ztj47pebble.o)
 .text.click_number_of_clicks_counted
                0x0000000000000000        0xc /Users/jonathan/pebble-dev/PebbleSDK-3.0-dp3/Pebble/basalt/lib/libpebble.a(tmp4Ztj47pebble.o)
 .text.click_recognizer_get_button_id
                0x0000000000000000        0xc /Users/jonathan/pebble-dev/PebbleSDK-3.0-dp3/Pebble/basalt/lib/libpebble.a(tmp4Ztj47pebble.o)
 .text.clock_copy_time_string
                0x0000000000000000        0xc /Users/jonathan/pebble-dev/PebbleSDK-3.0-dp3/Pebble/basalt/lib/libpebble.a(tmp4Ztj47pebble.o)
 .text.clock_is_24h_style
                0x0000000000000000        0xc /Users/jonathan/pebble-dev/PebbleSDK-3.0-dp3/Pebble/basalt/lib/libpebble.a(tmp4Ztj47pebble.o)
 .text.cos_lookup
                0x0000000000000000        0xc /Users/jonathan/pebble-dev/PebbleSDK-3.0-dp3/Pebble/basalt/lib/libpebble.a(tmp4Ztj47pebble.o)
 .text.data_logging_create
                0x0000000000000000        0xc /Users/jonathan/pebble-dev/PebbleSDK-3.0-dp3/Pebble/basalt/lib/libpebble.a(tmp4Ztj47pebble.o)
 .text.data_logging_finish
                0x0000000000000000        0xc /Users/jonathan/pebble-dev/PebbleSDK-3.0-dp3/Pebble/basalt/lib/libpebble.a(tmp4Ztj47pebble.o)
 .text.data_logging_log
                0x0000000000000000        0xc /Users/jonathan/pebble-dev/PebbleSDK-3.0-dp3/Pebble/basalt/lib/libpebble.a(tmp4Ztj47pebble.o)
 .text.dict_calc_buffer_size
                0x0000000000000000        0xc /Users/jonathan/pebble-dev/PebbleSDK-3.0-dp3/Pebble/basalt/lib/libpebble.a(tmp4Ztj47pebble.o)
 .text.dict_calc_buffer_size_from_tuplets
                0x0000000000000000        0xc /Users/jonathan/pebble-dev/PebbleSDK-3.0-dp3/Pebble/basalt/lib/libpebble.a(tmp4Ztj47pebble.o)
 .text.dict_find
                0x0000000000000000        0xc /Users/jonathan/pebble-dev/PebbleSDK-3.0-dp3/Pebble/basalt/lib/libpebble.a(tmp4Ztj47pebble.o)
 .text.dict_merge
                0x0000000000000000        0xc /Users/jonathan/pebble-dev/PebbleSDK-3.0-dp3/Pebble/basalt/lib/libpebble.a(tmp4Ztj47pebble.o)
 .text.dict_read_begin_from_buffer
                0x0000000000000000        0xc /Users/jonathan/pebble-dev/PebbleSDK-3.0-dp3/Pebble/basalt/lib/libpebble.a(tmp4Ztj47pebble.o)
 .text.dict_read_first
                0x0000000000000000        0xc /Users/jonathan/pebble-dev/PebbleSDK-3.0-dp3/Pebble/basalt/lib/libpebble.a(tmp4Ztj47pebble.o)
 .text.dict_read_next
                0x0000000000000000        0xc /Users/jonathan/pebble-dev/PebbleSDK-3.0-dp3/Pebble/basalt/lib/libpebble.a(tmp4Ztj47pebble.o)
 .text.dict_serialize_tuplets
                0x0000000000000000        0xc /Users/jonathan/pebble-dev/PebbleSDK-3.0-dp3/Pebble/basalt/lib/libpebble.a(tmp4Ztj47pebble.o)
 .text.dict_serialize_tuplets_to_buffer__deprecated
                0x0000000000000000        0xc /Users/jonathan/pebble-dev/PebbleSDK-3.0-dp3/Pebble/basalt/lib/libpebble.a(tmp4Ztj47pebble.o)
 .text.dict_serialize_tuplets_to_buffer_with_iter
                0x0000000000000000        0xc /Users/jonathan/pebble-dev/PebbleSDK-3.0-dp3/Pebble/basalt/lib/libpebble.a(tmp4Ztj47pebble.o)
 .text.dict_write_begin
                0x0000000000000000        0xc /Users/jonathan/pebble-dev/PebbleSDK-3.0-dp3/Pebble/basalt/lib/libpebble.a(tmp4Ztj47pebble.o)
 .text.dict_write_cstring
                0x0000000000000000        0xc /Users/jonathan/pebble-dev/PebbleSDK-3.0-dp3/Pebble/basalt/lib/libpebble.a(tmp4Ztj47pebble.o)
 .text.dict_write_data
                0x0000000000000000        0xc /Users/jonathan/pebble-dev/PebbleSDK-3.0-dp3/Pebble/basalt/lib/libpebble.a(tmp4Ztj47pebble.o)
 .text.dict_write_end
                0x0000000000000000        0xc /Users/jonathan/pebble-dev/PebbleSDK-3.0-dp3/Pebble/basalt/lib/libpebble.a(tmp4Ztj47pebble.o)
 .text.dict_write_int
                0x0000000000000000        0xc /Users/jonathan/pebble-dev/PebbleSDK-3.0-dp3/Pebble/basalt/lib/libpebble.a(tmp4Ztj47pebble.o)
 .text.dict_write_int16
                0x0000000000000000        0xc /Users/jonathan/pebble-dev/PebbleSDK-3.0-dp3/Pebble/basalt/lib/libpebble.a(tmp4Ztj47pebble.o)
 .text.dict_write_int32
                0x0000000000000000        0xc /Users/jonathan/pebble-dev/PebbleSDK-3.0-dp3/Pebble/basalt/lib/libpebble.a(tmp4Ztj47pebble.o)
 .text.dict_write_int8
                0x0000000000000000        0xc /Users/jonathan/pebble-dev/PebbleSDK-3.0-dp3/Pebble/basalt/lib/libpebble.a(tmp4Ztj47pebble.o)
 .text.dict_write_tuplet
                0x0000000000000000        0xc /Users/jonathan/pebble-dev/PebbleSDK-3.0-dp3/Pebble/basalt/lib/libpebble.a(tmp4Ztj47pebble.o)
 .text.dict_write_uint16
                0x0000000000000000        0xc /Users/jonathan/pebble-dev/PebbleSDK-3.0-dp3/Pebble/basalt/lib/libpebble.a(tmp4Ztj47pebble.o)
 .text.dict_write_uint32
                0x0000000000000000        0xc /Users/jonathan/pebble-dev/PebbleSDK-3.0-dp3/Pebble/basalt/lib/libpebble.a(tmp4Ztj47pebble.o)
 .text.dict_write_uint8
                0x0000000000000000        0xc /Users/jonathan/pebble-dev/PebbleSDK-3.0-dp3/Pebble/basalt/lib/libpebble.a(tmp4Ztj47pebble.o)
 .text.fonts_load_custom_font
                0x0000000000000000        0xc /Users/jonathan/pebble-dev/PebbleSDK-3.0-dp3/Pebble/basalt/lib/libpebble.a(tmp4Ztj47pebble.o)
 .text.fonts_unload_custom_font
                0x0000000000000000        0xc /Users/jonathan/pebble-dev/PebbleSDK-3.0-dp3/Pebble/basalt/lib/libpebble.a(tmp4Ztj47pebble.o)
 .text.free     0x0000000000000000        0xc /Users/jonathan/pebble-dev/PebbleSDK-3.0-dp3/Pebble/basalt/lib/libpebble.a(tmp4Ztj47pebble.o)
 .text.gbitmap_create_as_sub_bitmap
                0x0000000000000000        0xc /Users/jonathan/pebble-dev/PebbleSDK-3.0-dp3/Pebble/basalt/lib/libpebble.a(tmp4Ztj47pebble.o)
 .text.gbitmap_create_with_data
                0x0000000000000000        0xc /Users/jonathan/pebble-dev/PebbleSDK-3.0-dp3/Pebble/basalt/lib/libpebble.a(tmp4Ztj47pebble.o)
 .text.gmtime__deprecated
                0x0000000000000000        0xc /Users/jonathan/pebble-dev/PebbleSDK-3.0-dp3/Pebble/basalt/lib/libpebble.a(tmp4Ztj47pebble.o)
 .text.gpath_create
                0x0000000000000000        0xc /Users/jonathan/pebble-dev/PebbleSDK-3.0-dp3/Pebble/basalt/lib/libpebble.a(tmp4Ztj47pebble.o)
 .text.gpath_destroy
                0x0000000000000000        0xc /Users/jonathan/pebble-dev/PebbleSDK-3.0-dp3/Pebble/basalt/lib/libpebble.a(tmp4Ztj47pebble.o)
 .text.gpath_draw_filled_legacy
                0x0000000000000000        0xc /Users/jonathan/pebble-dev/PebbleSDK-3.0-dp3/Pebble/basalt/lib/libpebble.a(tmp4Ztj47pebble.o)
 .text.gpath_draw_outline
                0x0000000000000000        0xc /Users/jonathan/pebble-dev/PebbleSDK-3.0-dp3/Pebble/basalt/lib/libpebble.a(tmp4Ztj47pebble.o)
 .text.gpath_move_to
                0x0000000000000000        0xc /Users/jonathan/pebble-dev/PebbleSDK-3.0-dp3/Pebble/basalt/lib/libpebble.a(tmp4Ztj47pebble.o)
 .text.gpath_rotate_to
                0x0000000000000000        0xc /Users/jonathan/pebble-dev/PebbleSDK-3.0-dp3/Pebble/basalt/lib/libpebble.a(tmp4Ztj47pebble.o)
 .text.gpoint_equal
                0x0000000000000000        0xc /Users/jonathan/pebble-dev/PebbleSDK-3.0-dp3/Pebble/basalt/lib/libpebble.a(tmp4Ztj47pebble.o)
 .text.graphics_context_set_compositing_mode
                0x0000000000000000        0xc /Users/jonathan/pebble-dev/PebbleSDK-3.0-dp3/Pebble/basalt/lib/libpebble.a(tmp4Ztj47pebble.o)
 .text.graphics_context_set_fill_color_2bit
                0x0000000000000000        0xc /Users/jonathan/pebble-dev/PebbleSDK-3.0-dp3/Pebble/basalt/lib/libpebble.a(tmp4Ztj47pebble.o)
 .text.graphics_context_set_stroke_color_2bit
                0x0000000000000000        0xc /Users/jonathan/pebble-dev/PebbleSDK-3.0-dp3/Pebble/basalt/lib/libpebble.a(tmp4Ztj47pebble.o)
 .text.graphics_context_set_text_color_2bit
                0x0000000000000000        0xc /Users/jonathan/pebble-dev/PebbleSDK-3.0-dp3/Pebble/basalt/lib/libpebble.a(tmp4Ztj47pebble.o)
 .text.graphics_draw_bitmap_in_rect
                0x0000000000000000        0xc /Users/jonathan/pebble-dev/PebbleSDK-3.0-dp3/Pebble/basalt/lib/libpebble.a(tmp4Ztj47pebble.o)
 .text.graphics_draw_circle
                0x0000000000000000        0xc /Users/jonathan/pebble-dev/PebbleSDK-3.0-dp3/Pebble/basalt/lib/libpebble.a(tmp4Ztj47pebble.o)
 .text.graphics_draw_line
                0x0000000000000000        0xc /Users/jonathan/pebble-dev/PebbleSDK-3.0-dp3/Pebble/basalt/lib/libpebble.a(tmp4Ztj47pebble.o)
 .text.graphics_draw_pixel
                0x0000000000000000        0xc /Users/jonathan/pebble-dev/PebbleSDK-3.0-dp3/Pebble/basalt/lib/libpebble.a(tmp4Ztj47pebble.o)
 .text.graphics_draw_rect
                0x0000000000000000        0xc /Users/jonathan/pebble-dev/PebbleSDK-3.0-dp3/Pebble/basalt/lib/libpebble.a(tmp4Ztj47pebble.o)
 .text.graphics_draw_round_rect
                0x0000000000000000        0xc /Users/jonathan/pebble-dev/PebbleSDK-3.0-dp3/Pebble/basalt/lib/libpebble.a(tmp4Ztj47pebble.o)
 .text.graphics_fill_circle
                0x0000000000000000        0xc /Users/jonathan/pebble-dev/PebbleSDK-3.0-dp3/Pebble/basalt/lib/libpebble.a(tmp4Ztj47pebble.o)
 .text.graphics_fill_rect
                0x0000000000000000        0xc /Users/jonathan/pebble-dev/PebbleSDK-3.0-dp3/Pebble/basalt/lib/libpebble.a(tmp4Ztj47pebble.o)
 .text.graphics_text_layout_get_max_used_size
                0x0000000000000000        0xc /Users/jonathan/pebble-dev/PebbleSDK-3.0-dp3/Pebble/basalt/lib/libpebble.a(tmp4Ztj47pebble.o)
 .text.grect_align
                0x0000000000000000        0xc /Users/jonathan/pebble-dev/PebbleSDK-3.0-dp3/Pebble/basalt/lib/libpebble.a(tmp4Ztj47pebble.o)
 .text.grect_center_point
                0x0000000000000000        0xc /Users/jonathan/pebble-dev/PebbleSDK-3.0-dp3/Pebble/basalt/lib/libpebble.a(tmp4Ztj47pebble.o)
 .text.grect_clip
                0x0000000000000000        0xc /Users/jonathan/pebble-dev/PebbleSDK-3.0-dp3/Pebble/basalt/lib/libpebble.a(tmp4Ztj47pebble.o)
 .text.grect_contains_point
                0x0000000000000000        0xc /Users/jonathan/pebble-dev/PebbleSDK-3.0-dp3/Pebble/basalt/lib/libpebble.a(tmp4Ztj47pebble.o)
 .text.grect_crop
                0x0000000000000000        0xc /Users/jonathan/pebble-dev/PebbleSDK-3.0-dp3/Pebble/basalt/lib/libpebble.a(tmp4Ztj47pebble.o)
 .text.grect_equal
                0x0000000000000000        0xc /Users/jonathan/pebble-dev/PebbleSDK-3.0-dp3/Pebble/basalt/lib/libpebble.a(tmp4Ztj47pebble.o)
 .text.grect_is_empty
                0x0000000000000000        0xc /Users/jonathan/pebble-dev/PebbleSDK-3.0-dp3/Pebble/basalt/lib/libpebble.a(tmp4Ztj47pebble.o)
 .text.grect_standardize
                0x0000000000000000        0xc /Users/jonathan/pebble-dev/PebbleSDK-3.0-dp3/Pebble/basalt/lib/libpebble.a(tmp4Ztj47pebble.o)
 .text.gsize_equal
                0x0000000000000000        0xc /Users/jonathan/pebble-dev/PebbleSDK-3.0-dp3/Pebble/basalt/lib/libpebble.a(tmp4Ztj47pebble.o)
 .text.inverter_layer_create
                0x0000000000000000        0xc /Users/jonathan/pebble-dev/PebbleSDK-3.0-dp3/Pebble/basalt/lib/libpebble.a(tmp4Ztj47pebble.o)
 .text.inverter_layer_destroy
                0x0000000000000000        0xc /Users/jonathan/pebble-dev/PebbleSDK-3.0-dp3/Pebble/basalt/lib/libpebble.a(tmp4Ztj47pebble.o)
 .text.inverter_layer_get_layer
                0x0000000000000000        0xc /Users/jonathan/pebble-dev/PebbleSDK-3.0-dp3/Pebble/basalt/lib/libpebble.a(tmp4Ztj47pebble.o)
 .text.layer_create
                0x0000000000000000        0xc /Users/jonathan/pebble-dev/PebbleSDK-3.0-dp3/Pebble/basalt/lib/libpebble.a(tmp4Ztj47pebble.o)
 .text.layer_create_with_data
                0x0000000000000000        0xc /Users/jonathan/pebble-dev/PebbleSDK-3.0-dp3/Pebble/basalt/lib/libpebble.a(tmp4Ztj47pebble.o)
 .text.layer_destroy
                0x0000000000000000        0xc /Users/jonathan/pebble-dev/PebbleSDK-3.0-dp3/Pebble/basalt/lib/libpebble.a(tmp4Ztj47pebble.o)
 .text.layer_get_bounds
                0x0000000000000000        0xc /Users/jonathan/pebble-dev/PebbleSDK-3.0-dp3/Pebble/basalt/lib/libpebble.a(tmp4Ztj47pebble.o)
 .text.layer_get_clips
                0x0000000000000000        0xc /Users/jonathan/pebble-dev/PebbleSDK-3.0-dp3/Pebble/basalt/lib/libpebble.a(tmp4Ztj47pebble.o)
 .text.layer_get_data
                0x0000000000000000        0xc /Users/jonathan/pebble-dev/PebbleSDK-3.0-dp3/Pebble/basalt/lib/libpebble.a(tmp4Ztj47pebble.o)
 .text.layer_get_frame
                0x0000000000000000        0xc /Users/jonathan/pebble-dev/PebbleSDK-3.0-dp3/Pebble/basalt/lib/libpebble.a(tmp4Ztj47pebble.o)
 .text.layer_get_hidden
                0x0000000000000000        0xc /Users/jonathan/pebble-dev/PebbleSDK-3.0-dp3/Pebble/basalt/lib/libpebble.a(tmp4Ztj47pebble.o)
 .text.layer_get_window
                0x0000000000000000        0xc /Users/jonathan/pebble-dev/PebbleSDK-3.0-dp3/Pebble/basalt/lib/libpebble.a(tmp4Ztj47pebble.o)
 .text.layer_insert_above_sibling
                0x0000000000000000        0xc /Users/jonathan/pebble-dev/PebbleSDK-3.0-dp3/Pebble/basalt/lib/libpebble.a(tmp4Ztj47pebble.o)
 .text.layer_insert_below_sibling
                0x0000000000000000        0xc /Users/jonathan/pebble-dev/PebbleSDK-3.0-dp3/Pebble/basalt/lib/libpebble.a(tmp4Ztj47pebble.o)
 .text.layer_remove_child_layers
                0x0000000000000000        0xc /Users/jonathan/pebble-dev/PebbleSDK-3.0-dp3/Pebble/basalt/lib/libpebble.a(tmp4Ztj47pebble.o)
 .text.layer_remove_from_parent
                0x0000000000000000        0xc /Users/jonathan/pebble-dev/PebbleSDK-3.0-dp3/Pebble/basalt/lib/libpebble.a(tmp4Ztj47pebble.o)
 .text.layer_set_bounds
                0x0000000000000000        0xc /Users/jonathan/pebble-dev/PebbleSDK-3.0-dp3/Pebble/basalt/lib/libpebble.a(tmp4Ztj47pebble.o)
 .text.layer_set_clips
                0x0000000000000000        0xc /Users/jonathan/pebble-dev/PebbleSDK-3.0-dp3/Pebble/basalt/lib/libpebble.a(tmp4Ztj47pebble.o)
 .text.layer_set_frame
                0x0000000000000000        0xc /Users/jonathan/pebble-dev/PebbleSDK-3.0-dp3/Pebble/basalt/lib/libpebble.a(tmp4Ztj47pebble.o)
 .text.layer_set_hidden
                0x0000000000000000        0xc /Users/jonathan/pebble-dev/PebbleSDK-3.0-dp3/Pebble/basalt/lib/libpebble.a(tmp4Ztj47pebble.o)
 .text.layer_set_update_proc
                0x0000000000000000        0xc /Users/jonathan/pebble-dev/PebbleSDK-3.0-dp3/Pebble/basalt/lib/libpebble.a(tmp4Ztj47pebble.o)
 .text.light_enable
                0x0000000000000000        0xc /Users/jonathan/pebble-dev/PebbleSDK-3.0-dp3/Pebble/basalt/lib/libpebble.a(tmp4Ztj47pebble.o)
 .text.light_enable_interaction
                0x0000000000000000        0xc /Users/jonathan/pebble-dev/PebbleSDK-3.0-dp3/Pebble/basalt/lib/libpebble.a(tmp4Ztj47pebble.o)
 .text.localtime
                0x0000000000000000        0xc /Users/jonathan/pebble-dev/PebbleSDK-3.0-dp3/Pebble/basalt/lib/libpebble.a(tmp4Ztj47pebble.o)
 .text.malloc   0x0000000000000000        0xc /Users/jonathan/pebble-dev/PebbleSDK-3.0-dp3/Pebble/basalt/lib/libpebble.a(tmp4Ztj47pebble.o)
 .text.memmove  0x0000000000000000        0xc /Users/jonathan/pebble-dev/PebbleSDK-3.0-dp3/Pebble/basalt/lib/libpebble.a(tmp4Ztj47pebble.o)
 .text.menu_cell_basic_draw
                0x0000000000000000        0xc /Users/jonathan/pebble-dev/PebbleSDK-3.0-dp3/Pebble/basalt/lib/libpebble.a(tmp4Ztj47pebble.o)
 .text.menu_cell_basic_header_draw
                0x0000000000000000        0xc /Users/jonathan/pebble-dev/PebbleSDK-3.0-dp3/Pebble/basalt/lib/libpebble.a(tmp4Ztj47pebble.o)
 .text.menu_cell_title_draw
                0x0000000000000000        0xc /Users/jonathan/pebble-dev/PebbleSDK-3.0-dp3/Pebble/basalt/lib/libpebble.a(tmp4Ztj47pebble.o)
 .text.menu_index_compare
                0x0000000000000000        0xc /Users/jonathan/pebble-dev/PebbleSDK-3.0-dp3/Pebble/basalt/lib/libpebble.a(tmp4Ztj47pebble.o)
 .text.menu_layer_create
                0x0000000000000000        0xc /Users/jonathan/pebble-dev/PebbleSDK-3.0-dp3/Pebble/basalt/lib/libpebble.a(tmp4Ztj47pebble.o)
 .text.menu_layer_destroy
                0x0000000000000000        0xc /Users/jonathan/pebble-dev/PebbleSDK-3.0-dp3/Pebble/basalt/lib/libpebble.a(tmp4Ztj47pebble.o)
 .text.menu_layer_get_layer
                0x0000000000000000        0xc /Users/jonathan/pebble-dev/PebbleSDK-3.0-dp3/Pebble/basalt/lib/libpebble.a(tmp4Ztj47pebble.o)
 .text.menu_layer_get_scroll_layer
                0x0000000000000000        0xc /Users/jonathan/pebble-dev/PebbleSDK-3.0-dp3/Pebble/basalt/lib/libpebble.a(tmp4Ztj47pebble.o)
 .text.menu_layer_get_selected_index
                0x0000000000000000        0xc /Users/jonathan/pebble-dev/PebbleSDK-3.0-dp3/Pebble/basalt/lib/libpebble.a(tmp4Ztj47pebble.o)
 .text.menu_layer_reload_data
                0x0000000000000000        0xc /Users/jonathan/pebble-dev/PebbleSDK-3.0-dp3/Pebble/basalt/lib/libpebble.a(tmp4Ztj47pebble.o)
 .text.menu_layer_set_callbacks__deprecated
                0x0000000000000000        0xc /Users/jonathan/pebble-dev/PebbleSDK-3.0-dp3/Pebble/basalt/lib/libpebble.a(tmp4Ztj47pebble.o)
 .text.menu_layer_set_click_config_onto_window
                0x0000000000000000        0xc /Users/jonathan/pebble-dev/PebbleSDK-3.0-dp3/Pebble/basalt/lib/libpebble.a(tmp4Ztj47pebble.o)
 .text.menu_layer_set_selected_index
                0x0000000000000000        0xc /Users/jonathan/pebble-dev/PebbleSDK-3.0-dp3/Pebble/basalt/lib/libpebble.a(tmp4Ztj47pebble.o)
 .text.menu_layer_set_selected_next
                0x0000000000000000        0xc /Users/jonathan/pebble-dev/PebbleSDK-3.0-dp3/Pebble/basalt/lib/libpebble.a(tmp4Ztj47pebble.o)
 .text.number_window_create
                0x0000000000000000        0xc /Users/jonathan/pebble-dev/PebbleSDK-3.0-dp3/Pebble/basalt/lib/libpebble.a(tmp4Ztj47pebble.o)
 .text.number_window_destroy
                0x0000000000000000        0xc /Users/jonathan/pebble-dev/PebbleSDK-3.0-dp3/Pebble/basalt/lib/libpebble.a(tmp4Ztj47pebble.o)
 .text.number_window_get_value
                0x0000000000000000        0xc /Users/jonathan/pebble-dev/PebbleSDK-3.0-dp3/Pebble/basalt/lib/libpebble.a(tmp4Ztj47pebble.o)
 .text.number_window_set_label
                0x0000000000000000        0xc /Users/jonathan/pebble-dev/PebbleSDK-3.0-dp3/Pebble/basalt/lib/libpebble.a(tmp4Ztj47pebble.o)
 .text.number_window_set_max
                0x0000000000000000        0xc /Users/jonathan/pebble-dev/PebbleSDK-3.0-dp3/Pebble/basalt/lib/libpebble.a(tmp4Ztj47pebble.o)
 .text.number_window_set_min
                0x0000000000000000        0xc /Users/jonathan/pebble-dev/PebbleSDK-3.0-dp3/Pebble/basalt/lib/libpebble.a(tmp4Ztj47pebble.o)
 .text.number_window_set_step_size
                0x0000000000000000        0xc /Users/jonathan/pebble-dev/PebbleSDK-3.0-dp3/Pebble/basalt/lib/libpebble.a(tmp4Ztj47pebble.o)
 .text.number_window_set_value
                0x0000000000000000        0xc /Users/jonathan/pebble-dev/PebbleSDK-3.0-dp3/Pebble/basalt/lib/libpebble.a(tmp4Ztj47pebble.o)
 .text.persist_delete
                0x0000000000000000        0xc /Users/jonathan/pebble-dev/PebbleSDK-3.0-dp3/Pebble/basalt/lib/libpebble.a(tmp4Ztj47pebble.o)
 .text.persist_exists
                0x0000000000000000        0xc /Users/jonathan/pebble-dev/PebbleSDK-3.0-dp3/Pebble/basalt/lib/libpebble.a(tmp4Ztj47pebble.o)
 .text.persist_get_size
                0x0000000000000000        0xc /Users/jonathan/pebble-dev/PebbleSDK-3.0-dp3/Pebble/basalt/lib/libpebble.a(tmp4Ztj47pebble.o)
 .text.persist_read_bool
                0x0000000000000000        0xc /Users/jonathan/pebble-dev/PebbleSDK-3.0-dp3/Pebble/basalt/lib/libpebble.a(tmp4Ztj47pebble.o)
 .text.persist_read_data__deprecated
                0x0000000000000000        0xc /Users/jonathan/pebble-dev/PebbleSDK-3.0-dp3/Pebble/basalt/lib/libpebble.a(tmp4Ztj47pebble.o)
 .text.persist_read_int
                0x0000000000000000        0xc /Users/jonathan/pebble-dev/PebbleSDK-3.0-dp3/Pebble/basalt/lib/libpebble.a(tmp4Ztj47pebble.o)
 .text.persist_read_string__deprecated
                0x0000000000000000        0xc /Users/jonathan/pebble-dev/PebbleSDK-3.0-dp3/Pebble/basalt/lib/libpebble.a(tmp4Ztj47pebble.o)
 .text.persist_write_bool
                0x0000000000000000        0xc /Users/jonathan/pebble-dev/PebbleSDK-3.0-dp3/Pebble/basalt/lib/libpebble.a(tmp4Ztj47pebble.o)
 .text.persist_write_data__deprecated
                0x0000000000000000        0xc /Users/jonathan/pebble-dev/PebbleSDK-3.0-dp3/Pebble/basalt/lib/libpebble.a(tmp4Ztj47pebble.o)
 .text.persist_write_int
                0x0000000000000000        0xc /Users/jonathan/pebble-dev/PebbleSDK-3.0-dp3/Pebble/basalt/lib/libpebble.a(tmp4Ztj47pebble.o)
 .text.persist_write_string
                0x0000000000000000        0xc /Users/jonathan/pebble-dev/PebbleSDK-3.0-dp3/Pebble/basalt/lib/libpebble.a(tmp4Ztj47pebble.o)
 .text.property_animation_legacy2_create
                0x0000000000000000        0xc /Users/jonathan/pebble-dev/PebbleSDK-3.0-dp3/Pebble/basalt/lib/libpebble.a(tmp4Ztj47pebble.o)
 .text.property_animation_legacy2_create_layer_frame
                0x0000000000000000        0xc /Users/jonathan/pebble-dev/PebbleSDK-3.0-dp3/Pebble/basalt/lib/libpebble.a(tmp4Ztj47pebble.o)
 .text.property_animation_legacy2_destroy
                0x0000000000000000        0xc /Users/jonathan/pebble-dev/PebbleSDK-3.0-dp3/Pebble/basalt/lib/libpebble.a(tmp4Ztj47pebble.o)
 .text.property_animation_legacy2_update_gpoint
                0x0000000000000000        0xc /Users/jonathan/pebble-dev/PebbleSDK-3.0-dp3/Pebble/basalt/lib/libpebble.a(tmp4Ztj47pebble.o)
 .text.property_animation_legacy2_update_grect
                0x0000000000000000        0xc /Users/jonathan/pebble-dev/PebbleSDK-3.0-dp3/Pebble/basalt/lib/libpebble.a(tmp4Ztj47pebble.o)
 .text.property_animation_legacy2_update_int16
                0x0000000000000000        0xc /Users/jonathan/pebble-dev/PebbleSDK-3.0-dp3/Pebble/basalt/lib/libpebble.a(tmp4Ztj47pebble.o)
 .text.psleep   0x0000000000000000        0xc /Users/jonathan/pebble-dev/PebbleSDK-3.0-dp3/Pebble/basalt/lib/libpebble.a(tmp4Ztj47pebble.o)
 .text.rand     0x0000000000000000        0xc /Users/jonathan/pebble-dev/PebbleSDK-3.0-dp3/Pebble/basalt/lib/libpebble.a(tmp4Ztj47pebble.o)
 .text.resource_get_handle
                0x0000000000000000        0xc /Users/jonathan/pebble-dev/PebbleSDK-3.0-dp3/Pebble/basalt/lib/libpebble.a(tmp4Ztj47pebble.o)
 .text.resource_load
                0x0000000000000000        0xc /Users/jonathan/pebble-dev/PebbleSDK-3.0-dp3/Pebble/basalt/lib/libpebble.a(tmp4Ztj47pebble.o)
 .text.resource_load_byte_range
                0x0000000000000000        0xc /Users/jonathan/pebble-dev/PebbleSDK-3.0-dp3/Pebble/basalt/lib/libpebble.a(tmp4Ztj47pebble.o)
 .text.resource_size
                0x0000000000000000        0xc /Users/jonathan/pebble-dev/PebbleSDK-3.0-dp3/Pebble/basalt/lib/libpebble.a(tmp4Ztj47pebble.o)
 .text.rot_bitmap_layer_create
                0x0000000000000000        0xc /Users/jonathan/pebble-dev/PebbleSDK-3.0-dp3/Pebble/basalt/lib/libpebble.a(tmp4Ztj47pebble.o)
 .text.rot_bitmap_layer_destroy
                0x0000000000000000        0xc /Users/jonathan/pebble-dev/PebbleSDK-3.0-dp3/Pebble/basalt/lib/libpebble.a(tmp4Ztj47pebble.o)
 .text.rot_bitmap_layer_increment_angle
                0x0000000000000000        0xc /Users/jonathan/pebble-dev/PebbleSDK-3.0-dp3/Pebble/basalt/lib/libpebble.a(tmp4Ztj47pebble.o)
 .text.rot_bitmap_layer_set_angle
                0x0000000000000000        0xc /Users/jonathan/pebble-dev/PebbleSDK-3.0-dp3/Pebble/basalt/lib/libpebble.a(tmp4Ztj47pebble.o)
 .text.rot_bitmap_layer_set_corner_clip_color_2bit
                0x0000000000000000        0xc /Users/jonathan/pebble-dev/PebbleSDK-3.0-dp3/Pebble/basalt/lib/libpebble.a(tmp4Ztj47pebble.o)
 .text.rot_bitmap_set_compositing_mode
                0x0000000000000000        0xc /Users/jonathan/pebble-dev/PebbleSDK-3.0-dp3/Pebble/basalt/lib/libpebble.a(tmp4Ztj47pebble.o)
 .text.rot_bitmap_set_src_ic
                0x0000000000000000        0xc /Users/jonathan/pebble-dev/PebbleSDK-3.0-dp3/Pebble/basalt/lib/libpebble.a(tmp4Ztj47pebble.o)
 .text.scroll_layer_add_child
                0x0000000000000000        0xc /Users/jonathan/pebble-dev/PebbleSDK-3.0-dp3/Pebble/basalt/lib/libpebble.a(tmp4Ztj47pebble.o)
 .text.scroll_layer_create
                0x0000000000000000        0xc /Users/jonathan/pebble-dev/PebbleSDK-3.0-dp3/Pebble/basalt/lib/libpebble.a(tmp4Ztj47pebble.o)
 .text.scroll_layer_destroy
                0x0000000000000000        0xc /Users/jonathan/pebble-dev/PebbleSDK-3.0-dp3/Pebble/basalt/lib/libpebble.a(tmp4Ztj47pebble.o)
 .text.scroll_layer_get_content_offset
                0x0000000000000000        0xc /Users/jonathan/pebble-dev/PebbleSDK-3.0-dp3/Pebble/basalt/lib/libpebble.a(tmp4Ztj47pebble.o)
 .text.scroll_layer_get_content_size
                0x0000000000000000        0xc /Users/jonathan/pebble-dev/PebbleSDK-3.0-dp3/Pebble/basalt/lib/libpebble.a(tmp4Ztj47pebble.o)
 .text.scroll_layer_get_layer
                0x0000000000000000        0xc /Users/jonathan/pebble-dev/PebbleSDK-3.0-dp3/Pebble/basalt/lib/libpebble.a(tmp4Ztj47pebble.o)
 .text.scroll_layer_get_shadow_hidden
                0x0000000000000000        0xc /Users/jonathan/pebble-dev/PebbleSDK-3.0-dp3/Pebble/basalt/lib/libpebble.a(tmp4Ztj47pebble.o)
 .text.scroll_layer_scroll_down_click_handler
                0x0000000000000000        0xc /Users/jonathan/pebble-dev/PebbleSDK-3.0-dp3/Pebble/basalt/lib/libpebble.a(tmp4Ztj47pebble.o)
 .text.scroll_layer_scroll_up_click_handler
                0x0000000000000000        0xc /Users/jonathan/pebble-dev/PebbleSDK-3.0-dp3/Pebble/basalt/lib/libpebble.a(tmp4Ztj47pebble.o)
 .text.scroll_layer_set_callbacks
                0x0000000000000000        0xc /Users/jonathan/pebble-dev/PebbleSDK-3.0-dp3/Pebble/basalt/lib/libpebble.a(tmp4Ztj47pebble.o)
 .text.scroll_layer_set_click_config_onto_window
                0x0000000000000000        0xc /Users/jonathan/pebble-dev/PebbleSDK-3.0-dp3/Pebble/basalt/lib/libpebble.a(tmp4Ztj47pebble.o)
 .text.scroll_layer_set_content_offset
                0x0000000000000000        0xc /Users/jonathan/pebble-dev/PebbleSDK-3.0-dp3/Pebble/basalt/lib/libpebble.a(tmp4Ztj47pebble.o)
 .text.scroll_layer_set_content_size
                0x0000000000000000        0xc /Users/jonathan/pebble-dev/PebbleSDK-3.0-dp3/Pebble/basalt/lib/libpebble.a(tmp4Ztj47pebble.o)
 .text.scroll_layer_set_context
                0x0000000000000000        0xc /Users/jonathan/pebble-dev/PebbleSDK-3.0-dp3/Pebble/basalt/lib/libpebble.a(tmp4Ztj47pebble.o)
 .text.scroll_layer_set_frame
                0x0000000000000000        0xc /Users/jonathan/pebble-dev/PebbleSDK-3.0-dp3/Pebble/basalt/lib/libpebble.a(tmp4Ztj47pebble.o)
 .text.scroll_layer_set_shadow_hidden
                0x0000000000000000        0xc /Users/jonathan/pebble-dev/PebbleSDK-3.0-dp3/Pebble/basalt/lib/libpebble.a(tmp4Ztj47pebble.o)
 .text.simple_menu_layer_create
                0x0000000000000000        0xc /Users/jonathan/pebble-dev/PebbleSDK-3.0-dp3/Pebble/basalt/lib/libpebble.a(tmp4Ztj47pebble.o)
 .text.simple_menu_layer_destroy
                0x0000000000000000        0xc /Users/jonathan/pebble-dev/PebbleSDK-3.0-dp3/Pebble/basalt/lib/libpebble.a(tmp4Ztj47pebble.o)
 .text.simple_menu_layer_get_layer
                0x0000000000000000        0xc /Users/jonathan/pebble-dev/PebbleSDK-3.0-dp3/Pebble/basalt/lib/libpebble.a(tmp4Ztj47pebble.o)
 .text.simple_menu_layer_get_selected_index
                0x0000000000000000        0xc /Users/jonathan/pebble-dev/PebbleSDK-3.0-dp3/Pebble/basalt/lib/libpebble.a(tmp4Ztj47pebble.o)
 .text.simple_menu_layer_set_selected_index
                0x0000000000000000        0xc /Users/jonathan/pebble-dev/PebbleSDK-3.0-dp3/Pebble/basalt/lib/libpebble.a(tmp4Ztj47pebble.o)
 .text.sin_lookup
                0x0000000000000000        0xc /Users/jonathan/pebble-dev/PebbleSDK-3.0-dp3/Pebble/basalt/lib/libpebble.a(tmp4Ztj47pebble.o)
 .text.snprintf
                0x0000000000000000        0xc /Users/jonathan/pebble-dev/PebbleSDK-3.0-dp3/Pebble/basalt/lib/libpebble.a(tmp4Ztj47pebble.o)
 .text.srand    0x0000000000000000        0xc /Users/jonathan/pebble-dev/PebbleSDK-3.0-dp3/Pebble/basalt/lib/libpebble.a(tmp4Ztj47pebble.o)
 .text.strcat   0x0000000000000000        0xc /Users/jonathan/pebble-dev/PebbleSDK-3.0-dp3/Pebble/basalt/lib/libpebble.a(tmp4Ztj47pebble.o)
 .text.strcmp   0x0000000000000000        0xc /Users/jonathan/pebble-dev/PebbleSDK-3.0-dp3/Pebble/basalt/lib/libpebble.a(tmp4Ztj47pebble.o)
 .text.strcpy   0x0000000000000000        0xc /Users/jonathan/pebble-dev/PebbleSDK-3.0-dp3/Pebble/basalt/lib/libpebble.a(tmp4Ztj47pebble.o)
 .text.strftime
                0x0000000000000000        0xc /Users/jonathan/pebble-dev/PebbleSDK-3.0-dp3/Pebble/basalt/lib/libpebble.a(tmp4Ztj47pebble.o)
 .text.strlen   0x0000000000000000        0xc /Users/jonathan/pebble-dev/PebbleSDK-3.0-dp3/Pebble/basalt/lib/libpebble.a(tmp4Ztj47pebble.o)
 .text.strncat  0x0000000000000000        0xc /Users/jonathan/pebble-dev/PebbleSDK-3.0-dp3/Pebble/basalt/lib/libpebble.a(tmp4Ztj47pebble.o)
 .text.strncmp  0x0000000000000000        0xc /Users/jonathan/pebble-dev/PebbleSDK-3.0-dp3/Pebble/basalt/lib/libpebble.a(tmp4Ztj47pebble.o)
 .text.strncpy  0x0000000000000000        0xc /Users/jonathan/pebble-dev/PebbleSDK-3.0-dp3/Pebble/basalt/lib/libpebble.a(tmp4Ztj47pebble.o)
 .text.text_layer_get_content_size
                0x0000000000000000        0xc /Users/jonathan/pebble-dev/PebbleSDK-3.0-dp3/Pebble/basalt/lib/libpebble.a(tmp4Ztj47pebble.o)
 .text.text_layer_get_text
                0x0000000000000000        0xc /Users/jonathan/pebble-dev/PebbleSDK-3.0-dp3/Pebble/basalt/lib/libpebble.a(tmp4Ztj47pebble.o)
 .text.text_layer_set_background_color_2bit
                0x0000000000000000        0xc /Users/jonathan/pebble-dev/PebbleSDK-3.0-dp3/Pebble/basalt/lib/libpebble.a(tmp4Ztj47pebble.o)
 .text.text_layer_set_overflow_mode
                0x0000000000000000        0xc /Users/jonathan/pebble-dev/PebbleSDK-3.0-dp3/Pebble/basalt/lib/libpebble.a(tmp4Ztj47pebble.o)
 .text.text_layer_set_size
                0x0000000000000000        0xc /Users/jonathan/pebble-dev/PebbleSDK-3.0-dp3/Pebble/basalt/lib/libpebble.a(tmp4Ztj47pebble.o)
 .text.text_layer_set_text_alignment
                0x0000000000000000        0xc /Users/jonathan/pebble-dev/PebbleSDK-3.0-dp3/Pebble/basalt/lib/libpebble.a(tmp4Ztj47pebble.o)
 .text.text_layer_set_text_color_2bit
                0x0000000000000000        0xc /Users/jonathan/pebble-dev/PebbleSDK-3.0-dp3/Pebble/basalt/lib/libpebble.a(tmp4Ztj47pebble.o)
 .text.tick_timer_service_subscribe
                0x0000000000000000        0xc /Users/jonathan/pebble-dev/PebbleSDK-3.0-dp3/Pebble/basalt/lib/libpebble.a(tmp4Ztj47pebble.o)
 .text.tick_timer_service_unsubscribe
                0x0000000000000000        0xc /Users/jonathan/pebble-dev/PebbleSDK-3.0-dp3/Pebble/basalt/lib/libpebble.a(tmp4Ztj47pebble.o)
 .text.time     0x0000000000000000        0xc /Users/jonathan/pebble-dev/PebbleSDK-3.0-dp3/Pebble/basalt/lib/libpebble.a(tmp4Ztj47pebble.o)
 .text.time_ms  0x0000000000000000        0xc /Users/jonathan/pebble-dev/PebbleSDK-3.0-dp3/Pebble/basalt/lib/libpebble.a(tmp4Ztj47pebble.o)
 .text.vibes_cancel
                0x0000000000000000        0xc /Users/jonathan/pebble-dev/PebbleSDK-3.0-dp3/Pebble/basalt/lib/libpebble.a(tmp4Ztj47pebble.o)
 .text.vibes_double_pulse
                0x0000000000000000        0xc /Users/jonathan/pebble-dev/PebbleSDK-3.0-dp3/Pebble/basalt/lib/libpebble.a(tmp4Ztj47pebble.o)
 .text.vibes_enqueue_custom_pattern
                0x0000000000000000        0xc /Users/jonathan/pebble-dev/PebbleSDK-3.0-dp3/Pebble/basalt/lib/libpebble.a(tmp4Ztj47pebble.o)
 .text.vibes_long_pulse
                0x0000000000000000        0xc /Users/jonathan/pebble-dev/PebbleSDK-3.0-dp3/Pebble/basalt/lib/libpebble.a(tmp4Ztj47pebble.o)
 .text.vibes_short_pulse
                0x0000000000000000        0xc /Users/jonathan/pebble-dev/PebbleSDK-3.0-dp3/Pebble/basalt/lib/libpebble.a(tmp4Ztj47pebble.o)
 .text.window_get_click_config_provider
                0x0000000000000000        0xc /Users/jonathan/pebble-dev/PebbleSDK-3.0-dp3/Pebble/basalt/lib/libpebble.a(tmp4Ztj47pebble.o)
 .text.window_get_fullscreen
                0x0000000000000000        0xc /Users/jonathan/pebble-dev/PebbleSDK-3.0-dp3/Pebble/basalt/lib/libpebble.a(tmp4Ztj47pebble.o)
 .text.window_is_loaded
                0x0000000000000000        0xc /Users/jonathan/pebble-dev/PebbleSDK-3.0-dp3/Pebble/basalt/lib/libpebble.a(tmp4Ztj47pebble.o)
 .text.window_set_background_color_2bit
                0x0000000000000000        0xc /Users/jonathan/pebble-dev/PebbleSDK-3.0-dp3/Pebble/basalt/lib/libpebble.a(tmp4Ztj47pebble.o)
 .text.window_set_click_config_provider_with_context
                0x0000000000000000        0xc /Users/jonathan/pebble-dev/PebbleSDK-3.0-dp3/Pebble/basalt/lib/libpebble.a(tmp4Ztj47pebble.o)
 .text.window_set_fullscreen
                0x0000000000000000        0xc /Users/jonathan/pebble-dev/PebbleSDK-3.0-dp3/Pebble/basalt/lib/libpebble.a(tmp4Ztj47pebble.o)
 .text.window_set_status_bar_icon
                0x0000000000000000        0xc /Users/jonathan/pebble-dev/PebbleSDK-3.0-dp3/Pebble/basalt/lib/libpebble.a(tmp4Ztj47pebble.o)
 .text.window_stack_contains_window
                0x0000000000000000        0xc /Users/jonathan/pebble-dev/PebbleSDK-3.0-dp3/Pebble/basalt/lib/libpebble.a(tmp4Ztj47pebble.o)
 .text.window_stack_get_top_window
                0x0000000000000000        0xc /Users/jonathan/pebble-dev/PebbleSDK-3.0-dp3/Pebble/basalt/lib/libpebble.a(tmp4Ztj47pebble.o)
 .text.window_stack_pop
                0x0000000000000000        0xc /Users/jonathan/pebble-dev/PebbleSDK-3.0-dp3/Pebble/basalt/lib/libpebble.a(tmp4Ztj47pebble.o)
 .text.window_stack_pop_all
                0x0000000000000000        0xc /Users/jonathan/pebble-dev/PebbleSDK-3.0-dp3/Pebble/basalt/lib/libpebble.a(tmp4Ztj47pebble.o)
 .text.window_stack_remove
                0x0000000000000000        0xc /Users/jonathan/pebble-dev/PebbleSDK-3.0-dp3/Pebble/basalt/lib/libpebble.a(tmp4Ztj47pebble.o)
 .text.app_focus_service_subscribe
                0x0000000000000000        0xc /Users/jonathan/pebble-dev/PebbleSDK-3.0-dp3/Pebble/basalt/lib/libpebble.a(tmp4Ztj47pebble.o)
 .text.app_focus_service_unsubscribe
                0x0000000000000000        0xc /Users/jonathan/pebble-dev/PebbleSDK-3.0-dp3/Pebble/basalt/lib/libpebble.a(tmp4Ztj47pebble.o)
 .text.window_get_user_data
                0x0000000000000000        0xc /Users/jonathan/pebble-dev/PebbleSDK-3.0-dp3/Pebble/basalt/lib/libpebble.a(tmp4Ztj47pebble.o)
 .text.window_set_user_data
                0x0000000000000000        0xc /Users/jonathan/pebble-dev/PebbleSDK-3.0-dp3/Pebble/basalt/lib/libpebble.a(tmp4Ztj47pebble.o)
 .text.app_message_get_context
                0x0000000000000000        0xc /Users/jonathan/pebble-dev/PebbleSDK-3.0-dp3/Pebble/basalt/lib/libpebble.a(tmp4Ztj47pebble.o)
 .text.app_message_inbox_size_maximum
                0x0000000000000000        0xc /Users/jonathan/pebble-dev/PebbleSDK-3.0-dp3/Pebble/basalt/lib/libpebble.a(tmp4Ztj47pebble.o)
 .text.app_message_outbox_begin
                0x0000000000000000        0xc /Users/jonathan/pebble-dev/PebbleSDK-3.0-dp3/Pebble/basalt/lib/libpebble.a(tmp4Ztj47pebble.o)
 .text.app_message_outbox_send
                0x0000000000000000        0xc /Users/jonathan/pebble-dev/PebbleSDK-3.0-dp3/Pebble/basalt/lib/libpebble.a(tmp4Ztj47pebble.o)
 .text.app_message_outbox_size_maximum
                0x0000000000000000        0xc /Users/jonathan/pebble-dev/PebbleSDK-3.0-dp3/Pebble/basalt/lib/libpebble.a(tmp4Ztj47pebble.o)
 .text.app_message_register_inbox_dropped
                0x0000000000000000        0xc /Users/jonathan/pebble-dev/PebbleSDK-3.0-dp3/Pebble/basalt/lib/libpebble.a(tmp4Ztj47pebble.o)
 .text.app_message_register_inbox_received
                0x0000000000000000        0xc /Users/jonathan/pebble-dev/PebbleSDK-3.0-dp3/Pebble/basalt/lib/libpebble.a(tmp4Ztj47pebble.o)
 .text.app_message_register_outbox_failed
                0x0000000000000000        0xc /Users/jonathan/pebble-dev/PebbleSDK-3.0-dp3/Pebble/basalt/lib/libpebble.a(tmp4Ztj47pebble.o)
 .text.app_message_register_outbox_sent
                0x0000000000000000        0xc /Users/jonathan/pebble-dev/PebbleSDK-3.0-dp3/Pebble/basalt/lib/libpebble.a(tmp4Ztj47pebble.o)
 .text.app_message_set_context
                0x0000000000000000        0xc /Users/jonathan/pebble-dev/PebbleSDK-3.0-dp3/Pebble/basalt/lib/libpebble.a(tmp4Ztj47pebble.o)
 .text.window_long_click_subscribe
                0x0000000000000000        0xc /Users/jonathan/pebble-dev/PebbleSDK-3.0-dp3/Pebble/basalt/lib/libpebble.a(tmp4Ztj47pebble.o)
 .text.window_multi_click_subscribe
                0x0000000000000000        0xc /Users/jonathan/pebble-dev/PebbleSDK-3.0-dp3/Pebble/basalt/lib/libpebble.a(tmp4Ztj47pebble.o)
 .text.window_raw_click_subscribe
                0x0000000000000000        0xc /Users/jonathan/pebble-dev/PebbleSDK-3.0-dp3/Pebble/basalt/lib/libpebble.a(tmp4Ztj47pebble.o)
 .text.window_set_click_context
                0x0000000000000000        0xc /Users/jonathan/pebble-dev/PebbleSDK-3.0-dp3/Pebble/basalt/lib/libpebble.a(tmp4Ztj47pebble.o)
 .text.window_single_repeating_click_subscribe
                0x0000000000000000        0xc /Users/jonathan/pebble-dev/PebbleSDK-3.0-dp3/Pebble/basalt/lib/libpebble.a(tmp4Ztj47pebble.o)
 .text.graphics_draw_text
                0x0000000000000000        0xc /Users/jonathan/pebble-dev/PebbleSDK-3.0-dp3/Pebble/basalt/lib/libpebble.a(tmp4Ztj47pebble.o)
 .text.dict_serialize_tuplets_to_buffer
                0x0000000000000000        0xc /Users/jonathan/pebble-dev/PebbleSDK-3.0-dp3/Pebble/basalt/lib/libpebble.a(tmp4Ztj47pebble.o)
 .text.persist_read_data
                0x0000000000000000        0xc /Users/jonathan/pebble-dev/PebbleSDK-3.0-dp3/Pebble/basalt/lib/libpebble.a(tmp4Ztj47pebble.o)
 .text.persist_read_string
                0x0000000000000000        0xc /Users/jonathan/pebble-dev/PebbleSDK-3.0-dp3/Pebble/basalt/lib/libpebble.a(tmp4Ztj47pebble.o)
 .text.persist_write_data
                0x0000000000000000        0xc /Users/jonathan/pebble-dev/PebbleSDK-3.0-dp3/Pebble/basalt/lib/libpebble.a(tmp4Ztj47pebble.o)
 .text.dict_size
                0x0000000000000000        0xc /Users/jonathan/pebble-dev/PebbleSDK-3.0-dp3/Pebble/basalt/lib/libpebble.a(tmp4Ztj47pebble.o)
 .text.graphics_text_layout_get_content_size
                0x0000000000000000        0xc /Users/jonathan/pebble-dev/PebbleSDK-3.0-dp3/Pebble/basalt/lib/libpebble.a(tmp4Ztj47pebble.o)
 .text.simple_menu_layer_get_menu_layer
                0x0000000000000000        0xc /Users/jonathan/pebble-dev/PebbleSDK-3.0-dp3/Pebble/basalt/lib/libpebble.a(tmp4Ztj47pebble.o)
 .text.accel_data_service_subscribe
                0x0000000000000000        0xc /Users/jonathan/pebble-dev/PebbleSDK-3.0-dp3/Pebble/basalt/lib/libpebble.a(tmp4Ztj47pebble.o)
 .text.calloc   0x0000000000000000        0xc /Users/jonathan/pebble-dev/PebbleSDK-3.0-dp3/Pebble/basalt/lib/libpebble.a(tmp4Ztj47pebble.o)
 .text.bitmap_layer_get_bitmap
                0x0000000000000000        0xc /Users/jonathan/pebble-dev/PebbleSDK-3.0-dp3/Pebble/basalt/lib/libpebble.a(tmp4Ztj47pebble.o)
 .text.menu_layer_set_callbacks
                0x0000000000000000        0xc /Users/jonathan/pebble-dev/PebbleSDK-3.0-dp3/Pebble/basalt/lib/libpebble.a(tmp4Ztj47pebble.o)
 .text.window_get_click_config_context
                0x0000000000000000        0xc /Users/jonathan/pebble-dev/PebbleSDK-3.0-dp3/Pebble/basalt/lib/libpebble.a(tmp4Ztj47pebble.o)
 .text.number_window_get_window
                0x0000000000000000        0xc /Users/jonathan/pebble-dev/PebbleSDK-3.0-dp3/Pebble/basalt/lib/libpebble.a(tmp4Ztj47pebble.o)
 .text.realloc  0x0000000000000000        0xc /Users/jonathan/pebble-dev/PebbleSDK-3.0-dp3/Pebble/basalt/lib/libpebble.a(tmp4Ztj47pebble.o)
 .text.gbitmap_create_blank_2bit
                0x0000000000000000        0xc /Users/jonathan/pebble-dev/PebbleSDK-3.0-dp3/Pebble/basalt/lib/libpebble.a(tmp4Ztj47pebble.o)
 .text.click_recognizer_is_repeating
                0x0000000000000000        0xc /Users/jonathan/pebble-dev/PebbleSDK-3.0-dp3/Pebble/basalt/lib/libpebble.a(tmp4Ztj47pebble.o)
 .text.accel_raw_data_service_subscribe
                0x0000000000000000        0xc /Users/jonathan/pebble-dev/PebbleSDK-3.0-dp3/Pebble/basalt/lib/libpebble.a(tmp4Ztj47pebble.o)
 .text.app_worker_is_running
                0x0000000000000000        0xc /Users/jonathan/pebble-dev/PebbleSDK-3.0-dp3/Pebble/basalt/lib/libpebble.a(tmp4Ztj47pebble.o)
 .text.app_worker_kill
                0x0000000000000000        0xc /Users/jonathan/pebble-dev/PebbleSDK-3.0-dp3/Pebble/basalt/lib/libpebble.a(tmp4Ztj47pebble.o)
 .text.app_worker_launch
                0x0000000000000000        0xc /Users/jonathan/pebble-dev/PebbleSDK-3.0-dp3/Pebble/basalt/lib/libpebble.a(tmp4Ztj47pebble.o)
 .text.app_worker_message_subscribe
                0x0000000000000000        0xc /Users/jonathan/pebble-dev/PebbleSDK-3.0-dp3/Pebble/basalt/lib/libpebble.a(tmp4Ztj47pebble.o)
 .text.app_worker_message_unsubscribe
                0x0000000000000000        0xc /Users/jonathan/pebble-dev/PebbleSDK-3.0-dp3/Pebble/basalt/lib/libpebble.a(tmp4Ztj47pebble.o)
 .text.app_worker_send_message
                0x0000000000000000        0xc /Users/jonathan/pebble-dev/PebbleSDK-3.0-dp3/Pebble/basalt/lib/libpebble.a(tmp4Ztj47pebble.o)
 .text.worker_event_loop
                0x0000000000000000        0xc /Users/jonathan/pebble-dev/PebbleSDK-3.0-dp3/Pebble/basalt/lib/libpebble.a(tmp4Ztj47pebble.o)
 .text.worker_launch_app
                0x0000000000000000        0xc /Users/jonathan/pebble-dev/PebbleSDK-3.0-dp3/Pebble/basalt/lib/libpebble.a(tmp4Ztj47pebble.o)
 .text.heap_bytes_free
                0x0000000000000000        0xc /Users/jonathan/pebble-dev/PebbleSDK-3.0-dp3/Pebble/basalt/lib/libpebble.a(tmp4Ztj47pebble.o)
 .text.heap_bytes_used
                0x0000000000000000        0xc /Users/jonathan/pebble-dev/PebbleSDK-3.0-dp3/Pebble/basalt/lib/libpebble.a(tmp4Ztj47pebble.o)
 .text.compass_service_peek
                0x0000000000000000        0xc /Users/jonathan/pebble-dev/PebbleSDK-3.0-dp3/Pebble/basalt/lib/libpebble.a(tmp4Ztj47pebble.o)
 .text.compass_service_set_heading_filter
                0x0000000000000000        0xc /Users/jonathan/pebble-dev/PebbleSDK-3.0-dp3/Pebble/basalt/lib/libpebble.a(tmp4Ztj47pebble.o)
 .text.compass_service_subscribe
                0x0000000000000000        0xc /Users/jonathan/pebble-dev/PebbleSDK-3.0-dp3/Pebble/basalt/lib/libpebble.a(tmp4Ztj47pebble.o)
 .text.compass_service_unsubscribe
                0x0000000000000000        0xc /Users/jonathan/pebble-dev/PebbleSDK-3.0-dp3/Pebble/basalt/lib/libpebble.a(tmp4Ztj47pebble.o)
 .text.uuid_equal
                0x0000000000000000        0xc /Users/jonathan/pebble-dev/PebbleSDK-3.0-dp3/Pebble/basalt/lib/libpebble.a(tmp4Ztj47pebble.o)
 .text.uuid_to_string
                0x0000000000000000        0xc /Users/jonathan/pebble-dev/PebbleSDK-3.0-dp3/Pebble/basalt/lib/libpebble.a(tmp4Ztj47pebble.o)
 .text.gpath_draw_filled
                0x0000000000000000        0xc /Users/jonathan/pebble-dev/PebbleSDK-3.0-dp3/Pebble/basalt/lib/libpebble.a(tmp4Ztj47pebble.o)
 .text.animation_legacy2_set_custom_curve
                0x0000000000000000        0xc /Users/jonathan/pebble-dev/PebbleSDK-3.0-dp3/Pebble/basalt/lib/libpebble.a(tmp4Ztj47pebble.o)
 .text.watch_info_get_color
                0x0000000000000000        0xc /Users/jonathan/pebble-dev/PebbleSDK-3.0-dp3/Pebble/basalt/lib/libpebble.a(tmp4Ztj47pebble.o)
 .text.watch_info_get_firmware_version
                0x0000000000000000        0xc /Users/jonathan/pebble-dev/PebbleSDK-3.0-dp3/Pebble/basalt/lib/libpebble.a(tmp4Ztj47pebble.o)
 .text.watch_info_get_model
                0x0000000000000000        0xc /Users/jonathan/pebble-dev/PebbleSDK-3.0-dp3/Pebble/basalt/lib/libpebble.a(tmp4Ztj47pebble.o)
 .text.graphics_capture_frame_buffer_2bit
                0x0000000000000000        0xc /Users/jonathan/pebble-dev/PebbleSDK-3.0-dp3/Pebble/basalt/lib/libpebble.a(tmp4Ztj47pebble.o)
 .text.graphics_frame_buffer_is_captured
                0x0000000000000000        0xc /Users/jonathan/pebble-dev/PebbleSDK-3.0-dp3/Pebble/basalt/lib/libpebble.a(tmp4Ztj47pebble.o)
 .text.graphics_release_frame_buffer
                0x0000000000000000        0xc /Users/jonathan/pebble-dev/PebbleSDK-3.0-dp3/Pebble/basalt/lib/libpebble.a(tmp4Ztj47pebble.o)
 .text.clock_to_timestamp
                0x0000000000000000        0xc /Users/jonathan/pebble-dev/PebbleSDK-3.0-dp3/Pebble/basalt/lib/libpebble.a(tmp4Ztj47pebble.o)
 .text.launch_reason
                0x0000000000000000        0xc /Users/jonathan/pebble-dev/PebbleSDK-3.0-dp3/Pebble/basalt/lib/libpebble.a(tmp4Ztj47pebble.o)
 .text.wakeup_cancel
                0x0000000000000000        0xc /Users/jonathan/pebble-dev/PebbleSDK-3.0-dp3/Pebble/basalt/lib/libpebble.a(tmp4Ztj47pebble.o)
 .text.wakeup_cancel_all
                0x0000000000000000        0xc /Users/jonathan/pebble-dev/PebbleSDK-3.0-dp3/Pebble/basalt/lib/libpebble.a(tmp4Ztj47pebble.o)
 .text.wakeup_get_launch_event
                0x0000000000000000        0xc /Users/jonathan/pebble-dev/PebbleSDK-3.0-dp3/Pebble/basalt/lib/libpebble.a(tmp4Ztj47pebble.o)
 .text.wakeup_query
                0x0000000000000000        0xc /Users/jonathan/pebble-dev/PebbleSDK-3.0-dp3/Pebble/basalt/lib/libpebble.a(tmp4Ztj47pebble.o)
 .text.wakeup_schedule
                0x0000000000000000        0xc /Users/jonathan/pebble-dev/PebbleSDK-3.0-dp3/Pebble/basalt/lib/libpebble.a(tmp4Ztj47pebble.o)
 .text.wakeup_service_subscribe
                0x0000000000000000        0xc /Users/jonathan/pebble-dev/PebbleSDK-3.0-dp3/Pebble/basalt/lib/libpebble.a(tmp4Ztj47pebble.o)
 .text.clock_is_timezone_set
                0x0000000000000000        0xc /Users/jonathan/pebble-dev/PebbleSDK-3.0-dp3/Pebble/basalt/lib/libpebble.a(tmp4Ztj47pebble.o)
 .text.i18n_get_system_locale
                0x0000000000000000        0xc /Users/jonathan/pebble-dev/PebbleSDK-3.0-dp3/Pebble/basalt/lib/libpebble.a(tmp4Ztj47pebble.o)
 .text._localeconv_r
                0x0000000000000000        0xc /Users/jonathan/pebble-dev/PebbleSDK-3.0-dp3/Pebble/basalt/lib/libpebble.a(tmp4Ztj47pebble.o)
 .text.setlocale
                0x0000000000000000        0xc /Users/jonathan/pebble-dev/PebbleSDK-3.0-dp3/Pebble/basalt/lib/libpebble.a(tmp4Ztj47pebble.o)
 .text.mktime   0x0000000000000000        0xc /Users/jonathan/pebble-dev/PebbleSDK-3.0-dp3/Pebble/basalt/lib/libpebble.a(tmp4Ztj47pebble.o)
 .text.__profiler_init
                0x0000000000000000        0xc /Users/jonathan/pebble-dev/PebbleSDK-3.0-dp3/Pebble/basalt/lib/libpebble.a(tmp4Ztj47pebble.o)
 .text.__profiler_print_stats
                0x0000000000000000        0xc /Users/jonathan/pebble-dev/PebbleSDK-3.0-dp3/Pebble/basalt/lib/libpebble.a(tmp4Ztj47pebble.o)
 .text.__profiler_start
                0x0000000000000000        0xc /Users/jonathan/pebble-dev/PebbleSDK-3.0-dp3/Pebble/basalt/lib/libpebble.a(tmp4Ztj47pebble.o)
 .text.__profiler_stop
                0x0000000000000000        0xc /Users/jonathan/pebble-dev/PebbleSDK-3.0-dp3/Pebble/basalt/lib/libpebble.a(tmp4Ztj47pebble.o)
 .text.action_bar_layer_set_background_color
                0x0000000000000000        0xc /Users/jonathan/pebble-dev/PebbleSDK-3.0-dp3/Pebble/basalt/lib/libpebble.a(tmp4Ztj47pebble.o)
 .text.graphics_context_set_fill_color
                0x0000000000000000        0xc /Users/jonathan/pebble-dev/PebbleSDK-3.0-dp3/Pebble/basalt/lib/libpebble.a(tmp4Ztj47pebble.o)
 .text.graphics_context_set_stroke_color
                0x0000000000000000        0xc /Users/jonathan/pebble-dev/PebbleSDK-3.0-dp3/Pebble/basalt/lib/libpebble.a(tmp4Ztj47pebble.o)
 .text.graphics_context_set_text_color
                0x0000000000000000        0xc /Users/jonathan/pebble-dev/PebbleSDK-3.0-dp3/Pebble/basalt/lib/libpebble.a(tmp4Ztj47pebble.o)
 .text.rot_bitmap_layer_set_corner_clip_color
                0x0000000000000000        0xc /Users/jonathan/pebble-dev/PebbleSDK-3.0-dp3/Pebble/basalt/lib/libpebble.a(tmp4Ztj47pebble.o)
 .text.window_set_background_color
                0x0000000000000000        0xc /Users/jonathan/pebble-dev/PebbleSDK-3.0-dp3/Pebble/basalt/lib/libpebble.a(tmp4Ztj47pebble.o)
 .text.clock_get_timezone
                0x0000000000000000        0xc /Users/jonathan/pebble-dev/PebbleSDK-3.0-dp3/Pebble/basalt/lib/libpebble.a(tmp4Ztj47pebble.o)
 .text.gmtime   0x0000000000000000        0xc /Users/jonathan/pebble-dev/PebbleSDK-3.0-dp3/Pebble/basalt/lib/libpebble.a(tmp4Ztj47pebble.o)
 .text.animation_create
                0x0000000000000000        0xc /Users/jonathan/pebble-dev/PebbleSDK-3.0-dp3/Pebble/basalt/lib/libpebble.a(tmp4Ztj47pebble.o)
 .text.animation_destroy
                0x0000000000000000        0xc /Users/jonathan/pebble-dev/PebbleSDK-3.0-dp3/Pebble/basalt/lib/libpebble.a(tmp4Ztj47pebble.o)
 .text.animation_get_context
                0x0000000000000000        0xc /Users/jonathan/pebble-dev/PebbleSDK-3.0-dp3/Pebble/basalt/lib/libpebble.a(tmp4Ztj47pebble.o)
 .text.animation_is_scheduled
                0x0000000000000000        0xc /Users/jonathan/pebble-dev/PebbleSDK-3.0-dp3/Pebble/basalt/lib/libpebble.a(tmp4Ztj47pebble.o)
 .text.animation_schedule
                0x0000000000000000        0xc /Users/jonathan/pebble-dev/PebbleSDK-3.0-dp3/Pebble/basalt/lib/libpebble.a(tmp4Ztj47pebble.o)
 .text.animation_set_curve
                0x0000000000000000        0xc /Users/jonathan/pebble-dev/PebbleSDK-3.0-dp3/Pebble/basalt/lib/libpebble.a(tmp4Ztj47pebble.o)
 .text.animation_set_custom_curve
                0x0000000000000000        0xc /Users/jonathan/pebble-dev/PebbleSDK-3.0-dp3/Pebble/basalt/lib/libpebble.a(tmp4Ztj47pebble.o)
 .text.animation_set_delay
                0x0000000000000000        0xc /Users/jonathan/pebble-dev/PebbleSDK-3.0-dp3/Pebble/basalt/lib/libpebble.a(tmp4Ztj47pebble.o)
 .text.animation_set_duration
                0x0000000000000000        0xc /Users/jonathan/pebble-dev/PebbleSDK-3.0-dp3/Pebble/basalt/lib/libpebble.a(tmp4Ztj47pebble.o)
 .text.animation_set_handlers
                0x0000000000000000        0xc /Users/jonathan/pebble-dev/PebbleSDK-3.0-dp3/Pebble/basalt/lib/libpebble.a(tmp4Ztj47pebble.o)
 .text.animation_set_implementation
                0x0000000000000000        0xc /Users/jonathan/pebble-dev/PebbleSDK-3.0-dp3/Pebble/basalt/lib/libpebble.a(tmp4Ztj47pebble.o)
 .text.animation_unschedule
                0x0000000000000000        0xc /Users/jonathan/pebble-dev/PebbleSDK-3.0-dp3/Pebble/basalt/lib/libpebble.a(tmp4Ztj47pebble.o)
 .text.animation_unschedule_all
                0x0000000000000000        0xc /Users/jonathan/pebble-dev/PebbleSDK-3.0-dp3/Pebble/basalt/lib/libpebble.a(tmp4Ztj47pebble.o)
 .text.gbitmap_create_blank
                0x0000000000000000        0xc /Users/jonathan/pebble-dev/PebbleSDK-3.0-dp3/Pebble/basalt/lib/libpebble.a(tmp4Ztj47pebble.o)
 .text.graphics_capture_frame_buffer
                0x0000000000000000        0xc /Users/jonathan/pebble-dev/PebbleSDK-3.0-dp3/Pebble/basalt/lib/libpebble.a(tmp4Ztj47pebble.o)
 .text.graphics_capture_frame_buffer_format
                0x0000000000000000        0xc /Users/jonathan/pebble-dev/PebbleSDK-3.0-dp3/Pebble/basalt/lib/libpebble.a(tmp4Ztj47pebble.o)
 .text.property_animation_create
                0x0000000000000000        0xc /Users/jonathan/pebble-dev/PebbleSDK-3.0-dp3/Pebble/basalt/lib/libpebble.a(tmp4Ztj47pebble.o)
 .text.property_animation_create_layer_frame
                0x0000000000000000        0xc /Users/jonathan/pebble-dev/PebbleSDK-3.0-dp3/Pebble/basalt/lib/libpebble.a(tmp4Ztj47pebble.o)
 .text.property_animation_destroy
                0x0000000000000000        0xc /Users/jonathan/pebble-dev/PebbleSDK-3.0-dp3/Pebble/basalt/lib/libpebble.a(tmp4Ztj47pebble.o)
 .text.property_animation_from
                0x0000000000000000        0xc /Users/jonathan/pebble-dev/PebbleSDK-3.0-dp3/Pebble/basalt/lib/libpebble.a(tmp4Ztj47pebble.o)
 .text.property_animation_get_animation
                0x0000000000000000        0xc /Users/jonathan/pebble-dev/PebbleSDK-3.0-dp3/Pebble/basalt/lib/libpebble.a(tmp4Ztj47pebble.o)
 .text.property_animation_subject
                0x0000000000000000        0xc /Users/jonathan/pebble-dev/PebbleSDK-3.0-dp3/Pebble/basalt/lib/libpebble.a(tmp4Ztj47pebble.o)
 .text.property_animation_to
                0x0000000000000000        0xc /Users/jonathan/pebble-dev/PebbleSDK-3.0-dp3/Pebble/basalt/lib/libpebble.a(tmp4Ztj47pebble.o)
 .text.property_animation_update_gpoint
                0x0000000000000000        0xc /Users/jonathan/pebble-dev/PebbleSDK-3.0-dp3/Pebble/basalt/lib/libpebble.a(tmp4Ztj47pebble.o)
 .text.property_animation_update_grect
                0x0000000000000000        0xc /Users/jonathan/pebble-dev/PebbleSDK-3.0-dp3/Pebble/basalt/lib/libpebble.a(tmp4Ztj47pebble.o)
 .text.property_animation_update_int16
                0x0000000000000000        0xc /Users/jonathan/pebble-dev/PebbleSDK-3.0-dp3/Pebble/basalt/lib/libpebble.a(tmp4Ztj47pebble.o)
 .text.gbitmap_create_blank_with_palette
                0x0000000000000000        0xc /Users/jonathan/pebble-dev/PebbleSDK-3.0-dp3/Pebble/basalt/lib/libpebble.a(tmp4Ztj47pebble.o)
 .text.gbitmap_get_bounds
                0x0000000000000000        0xc /Users/jonathan/pebble-dev/PebbleSDK-3.0-dp3/Pebble/basalt/lib/libpebble.a(tmp4Ztj47pebble.o)
 .text.gbitmap_get_bytes_per_row
                0x0000000000000000        0xc /Users/jonathan/pebble-dev/PebbleSDK-3.0-dp3/Pebble/basalt/lib/libpebble.a(tmp4Ztj47pebble.o)
 .text.gbitmap_get_data
                0x0000000000000000        0xc /Users/jonathan/pebble-dev/PebbleSDK-3.0-dp3/Pebble/basalt/lib/libpebble.a(tmp4Ztj47pebble.o)
 .text.gbitmap_set_bounds
                0x0000000000000000        0xc /Users/jonathan/pebble-dev/PebbleSDK-3.0-dp3/Pebble/basalt/lib/libpebble.a(tmp4Ztj47pebble.o)
 .text.gbitmap_set_data
                0x0000000000000000        0xc /Users/jonathan/pebble-dev/PebbleSDK-3.0-dp3/Pebble/basalt/lib/libpebble.a(tmp4Ztj47pebble.o)
 .text.gbitmap_set_palette
                0x0000000000000000        0xc /Users/jonathan/pebble-dev/PebbleSDK-3.0-dp3/Pebble/basalt/lib/libpebble.a(tmp4Ztj47pebble.o)
 .text.gbitmap_sequence_create_with_resource
                0x0000000000000000        0xc /Users/jonathan/pebble-dev/PebbleSDK-3.0-dp3/Pebble/basalt/lib/libpebble.a(tmp4Ztj47pebble.o)
 .text.gbitmap_sequence_destroy
                0x0000000000000000        0xc /Users/jonathan/pebble-dev/PebbleSDK-3.0-dp3/Pebble/basalt/lib/libpebble.a(tmp4Ztj47pebble.o)
 .text.gbitmap_sequence_get_bitmap_size
                0x0000000000000000        0xc /Users/jonathan/pebble-dev/PebbleSDK-3.0-dp3/Pebble/basalt/lib/libpebble.a(tmp4Ztj47pebble.o)
 .text.gbitmap_sequence_get_current_frame_idx
                0x0000000000000000        0xc /Users/jonathan/pebble-dev/PebbleSDK-3.0-dp3/Pebble/basalt/lib/libpebble.a(tmp4Ztj47pebble.o)
 .text.gbitmap_sequence_get_total_num_frames
                0x0000000000000000        0xc /Users/jonathan/pebble-dev/PebbleSDK-3.0-dp3/Pebble/basalt/lib/libpebble.a(tmp4Ztj47pebble.o)
 .text.gbitmap_sequence_update_bitmap_next_frame
                0x0000000000000000        0xc /Users/jonathan/pebble-dev/PebbleSDK-3.0-dp3/Pebble/basalt/lib/libpebble.a(tmp4Ztj47pebble.o)
 .text.gbitmap_create_from_png_data
                0x0000000000000000        0xc /Users/jonathan/pebble-dev/PebbleSDK-3.0-dp3/Pebble/basalt/lib/libpebble.a(tmp4Ztj47pebble.o)
 .text.animation_clone
                0x0000000000000000        0xc /Users/jonathan/pebble-dev/PebbleSDK-3.0-dp3/Pebble/basalt/lib/libpebble.a(tmp4Ztj47pebble.o)
 .text.animation_get_delay
                0x0000000000000000        0xc /Users/jonathan/pebble-dev/PebbleSDK-3.0-dp3/Pebble/basalt/lib/libpebble.a(tmp4Ztj47pebble.o)
 .text.animation_get_duration
                0x0000000000000000        0xc /Users/jonathan/pebble-dev/PebbleSDK-3.0-dp3/Pebble/basalt/lib/libpebble.a(tmp4Ztj47pebble.o)
 .text.animation_get_play_count
                0x0000000000000000        0xc /Users/jonathan/pebble-dev/PebbleSDK-3.0-dp3/Pebble/basalt/lib/libpebble.a(tmp4Ztj47pebble.o)
 .text.animation_get_position
                0x0000000000000000        0xc /Users/jonathan/pebble-dev/PebbleSDK-3.0-dp3/Pebble/basalt/lib/libpebble.a(tmp4Ztj47pebble.o)
 .text.animation_get_reverse
                0x0000000000000000        0xc /Users/jonathan/pebble-dev/PebbleSDK-3.0-dp3/Pebble/basalt/lib/libpebble.a(tmp4Ztj47pebble.o)
 .text.animation_sequence_create
                0x0000000000000000        0xc /Users/jonathan/pebble-dev/PebbleSDK-3.0-dp3/Pebble/basalt/lib/libpebble.a(tmp4Ztj47pebble.o)
 .text.animation_sequence_create_from_array
                0x0000000000000000        0xc /Users/jonathan/pebble-dev/PebbleSDK-3.0-dp3/Pebble/basalt/lib/libpebble.a(tmp4Ztj47pebble.o)
 .text.animation_set_play_count
                0x0000000000000000        0xc /Users/jonathan/pebble-dev/PebbleSDK-3.0-dp3/Pebble/basalt/lib/libpebble.a(tmp4Ztj47pebble.o)
 .text.animation_set_position
                0x0000000000000000        0xc /Users/jonathan/pebble-dev/PebbleSDK-3.0-dp3/Pebble/basalt/lib/libpebble.a(tmp4Ztj47pebble.o)
 .text.animation_set_reverse
                0x0000000000000000        0xc /Users/jonathan/pebble-dev/PebbleSDK-3.0-dp3/Pebble/basalt/lib/libpebble.a(tmp4Ztj47pebble.o)
 .text.animation_spawn_create
                0x0000000000000000        0xc /Users/jonathan/pebble-dev/PebbleSDK-3.0-dp3/Pebble/basalt/lib/libpebble.a(tmp4Ztj47pebble.o)
 .text.animation_spawn_create_from_array
                0x0000000000000000        0xc /Users/jonathan/pebble-dev/PebbleSDK-3.0-dp3/Pebble/basalt/lib/libpebble.a(tmp4Ztj47pebble.o)
 .text.animation_get_curve
                0x0000000000000000        0xc /Users/jonathan/pebble-dev/PebbleSDK-3.0-dp3/Pebble/basalt/lib/libpebble.a(tmp4Ztj47pebble.o)
 .text.animation_get_custom_curve
                0x0000000000000000        0xc /Users/jonathan/pebble-dev/PebbleSDK-3.0-dp3/Pebble/basalt/lib/libpebble.a(tmp4Ztj47pebble.o)
 .text.animation_get_implementation
                0x0000000000000000        0xc /Users/jonathan/pebble-dev/PebbleSDK-3.0-dp3/Pebble/basalt/lib/libpebble.a(tmp4Ztj47pebble.o)
 .text          0x0000000000000000        0x0 /Users/jonathan/pebble-dev/PebbleSDK-3.0-dp3/arm-cs-tools/bin/../lib/gcc/arm-none-eabi/4.7.2/thumb2/crtend.o
 .bss           0x0000000000000000        0x0 /Users/jonathan/pebble-dev/PebbleSDK-3.0-dp3/arm-cs-tools/bin/../lib/gcc/arm-none-eabi/4.7.2/thumb2/crtend.o
 .eh_frame      0x0000000000000000        0x4 /Users/jonathan/pebble-dev/PebbleSDK-3.0-dp3/arm-cs-tools/bin/../lib/gcc/arm-none-eabi/4.7.2/thumb2/crtend.o
 .jcr           0x0000000000000000        0x4 /Users/jonathan/pebble-dev/PebbleSDK-3.0-dp3/arm-cs-tools/bin/../lib/gcc/arm-none-eabi/4.7.2/thumb2/crtend.o
 .tm_clone_table
                0x0000000000000000        0x0 /Users/jonathan/pebble-dev/PebbleSDK-3.0-dp3/arm-cs-tools/bin/../lib/gcc/arm-none-eabi/4.7.2/thumb2/crtend.o
 .text          0x0000000000000000        0x0 /Users/jonathan/pebble-dev/PebbleSDK-3.0-dp3/arm-cs-tools/bin/../lib/gcc/arm-none-eabi/4.7.2/thumb2/crtn.o
 .bss           0x0000000000000000        0x0 /Users/jonathan/pebble-dev/PebbleSDK-3.0-dp3/arm-cs-tools/bin/../lib/gcc/arm-none-eabi/4.7.2/thumb2/crtn.o
 .init          0x0000000000000000        0x8 /Users/jonathan/pebble-dev/PebbleSDK-3.0-dp3/arm-cs-tools/bin/../lib/gcc/arm-none-eabi/4.7.2/thumb2/crtn.o
 .fini          0x0000000000000000        0x8 /Users/jonathan/pebble-dev/PebbleSDK-3.0-dp3/arm-cs-tools/bin/../lib/gcc/arm-none-eabi/4.7.2/thumb2/crtn.o

Memory Configuration

Name             Origin             Length             Attributes
APP              0x0000000000000000 0x0000000000010000 xrw
*default*        0x0000000000000000 0xffffffffffffffff

Linker script and memory map

LOAD /Users/jonathan/pebble-dev/PebbleSDK-3.0-dp3/arm-cs-tools/bin/../lib/gcc/arm-none-eabi/4.7.2/thumb2/crti.o
LOAD /Users/jonathan/pebble-dev/PebbleSDK-3.0-dp3/arm-cs-tools/bin/../lib/gcc/arm-none-eabi/4.7.2/thumb2/crtbegin.o
LOAD src/gbitmap_colour_manipulator.c.23.o
LOAD src/palette_tester.c.23.o
LOAD basalt/appinfo.auto.c.23.o
LOAD /Users/jonathan/pebble-dev/PebbleSDK-3.0-dp3/Pebble/basalt/lib/libpebble.a
START GROUP
LOAD /Users/jonathan/pebble-dev/PebbleSDK-3.0-dp3/arm-cs-tools/bin/../lib/gcc/arm-none-eabi/4.7.2/thumb2/libgcc.a
LOAD /Users/jonathan/pebble-dev/PebbleSDK-3.0-dp3/arm-cs-tools/bin/../lib/gcc/arm-none-eabi/4.7.2/../../../../arm-none-eabi/lib/thumb2/libc.a
END GROUP
LOAD /Users/jonathan/pebble-dev/PebbleSDK-3.0-dp3/arm-cs-tools/bin/../lib/gcc/arm-none-eabi/4.7.2/thumb2/crtend.o
LOAD /Users/jonathan/pebble-dev/PebbleSDK-3.0-dp3/arm-cs-tools/bin/../lib/gcc/arm-none-eabi/4.7.2/thumb2/crtn.o

.header         0x0000000000000000       0x82
 *(.pbl_header)
 .pbl_header    0x0000000000000000       0x82 basalt/appinfo.auto.c.23.o
                0x0000000000000000                __pbl_app_info

.note.gnu.build-id
                0x0000000000000082       0x26
                0x0000000000000082                PROVIDE (BUILD_ID, .)
 *(.note.gnu.build-id)
 *fill*         0x0000000000000082        0x2 
 .note.gnu.build-id
                0x0000000000000084       0x24 linker stubs

.text           0x00000000000000a8     0x11d2
 *(.text)
 .text          0x00000000000000a8       0x14 /Users/jonathan/pebble-dev/PebbleSDK-3.0-dp3/Pebble/basalt/lib/libpebble.a(tmp4Ztj47pebble.o)
 *(.text.*)
 .text.get_gbitmapformat_text
                0x00000000000000bc       0x4c src/gbitmap_colour_manipulator.c.23.o
                0x00000000000000bc                get_gbitmapformat_text
 .text.get_num_palette_colours
                0x0000000000000108       0x20 src/gbitmap_colour_manipulator.c.23.o
                0x0000000000000108                get_num_palette_colours
 .text.get_gcolor_text
                0x0000000000000128      0x688 src/gbitmap_colour_manipulator.c.23.o
                0x0000000000000128                get_gcolor_text
 .text.spit_gbitmap_colour_palette
                0x00000000000007b0       0xb0 src/gbitmap_colour_manipulator.c.23.o
                0x00000000000007b0                spit_gbitmap_colour_palette
 .text.replace_gbitmap_colour
                0x0000000000000860      0x104 src/gbitmap_colour_manipulator.c.23.o
                0x0000000000000860                replace_gbitmap_colour
 .text.select_click_handler
                0x0000000000000964        0x2 src/palette_tester.c.23.o
 *fill*         0x0000000000000966        0x2 
 .text.window_unload
                0x0000000000000968       0x30 src/palette_tester.c.23.o
 .text.window_load
                0x0000000000000998       0xc8 src/palette_tester.c.23.o
 .text.click_config_provider
                0x0000000000000a60       0x30 src/palette_tester.c.23.o
 .text.down_click_handler
                0x0000000000000a90       0x24 src/palette_tester.c.23.o
 .text.up_click_handler
                0x0000000000000ab4       0x24 src/palette_tester.c.23.o
 .text.startup.main
                0x0000000000000ad8       0x64 src/palette_tester.c.23.o
                0x0000000000000ad8                main
 .text.app_event_loop
                0x0000000000000b3c        0xc /Users/jonathan/pebble-dev/PebbleSDK-3.0-dp3/Pebble/basalt/lib/libpebble.a(tmp4Ztj47pebble.o)
                0x0000000000000b3c                app_event_loop
 .text.app_log  0x0000000000000b48        0xc /Users/jonathan/pebble-dev/PebbleSDK-3.0-dp3/Pebble/basalt/lib/libpebble.a(tmp4Ztj47pebble.o)
                0x0000000000000b48                app_log
 .text.bitmap_layer_create
                0x0000000000000b54        0xc /Users/jonathan/pebble-dev/PebbleSDK-3.0-dp3/Pebble/basalt/lib/libpebble.a(tmp4Ztj47pebble.o)
                0x0000000000000b54                bitmap_layer_create
 .text.bitmap_layer_destroy
                0x0000000000000b60        0xc /Users/jonathan/pebble-dev/PebbleSDK-3.0-dp3/Pebble/basalt/lib/libpebble.a(tmp4Ztj47pebble.o)
                0x0000000000000b60                bitmap_layer_destroy
 .text.bitmap_layer_get_layer
                0x0000000000000b6c        0xc /Users/jonathan/pebble-dev/PebbleSDK-3.0-dp3/Pebble/basalt/lib/libpebble.a(tmp4Ztj47pebble.o)
                0x0000000000000b6c                bitmap_layer_get_layer
 .text.bitmap_layer_set_bitmap
                0x0000000000000b78        0xc /Users/jonathan/pebble-dev/PebbleSDK-3.0-dp3/Pebble/basalt/lib/libpebble.a(tmp4Ztj47pebble.o)
                0x0000000000000b78                bitmap_layer_set_bitmap
 .text.fonts_get_system_font
                0x0000000000000b84        0xc /Users/jonathan/pebble-dev/PebbleSDK-3.0-dp3/Pebble/basalt/lib/libpebble.a(tmp4Ztj47pebble.o)
                0x0000000000000b84                fonts_get_system_font
 .text.gbitmap_create_with_resource
                0x0000000000000b90        0xc /Users/jonathan/pebble-dev/PebbleSDK-3.0-dp3/Pebble/basalt/lib/libpebble.a(tmp4Ztj47pebble.o)
                0x0000000000000b90                gbitmap_create_with_resource
 .text.gbitmap_destroy
                0x0000000000000b9c        0xc /Users/jonathan/pebble-dev/PebbleSDK-3.0-dp3/Pebble/basalt/lib/libpebble.a(tmp4Ztj47pebble.o)
                0x0000000000000b9c                gbitmap_destroy
 .text.layer_add_child
                0x0000000000000ba8        0xc /Users/jonathan/pebble-dev/PebbleSDK-3.0-dp3/Pebble/basalt/lib/libpebble.a(tmp4Ztj47pebble.o)
                0x0000000000000ba8                layer_add_child
 .text.layer_mark_dirty
                0x0000000000000bb4        0xc /Users/jonathan/pebble-dev/PebbleSDK-3.0-dp3/Pebble/basalt/lib/libpebble.a(tmp4Ztj47pebble.o)
                0x0000000000000bb4                layer_mark_dirty
 .text.memcpy   0x0000000000000bc0        0xc /Users/jonathan/pebble-dev/PebbleSDK-3.0-dp3/Pebble/basalt/lib/libpebble.a(tmp4Ztj47pebble.o)
                0x0000000000000bc0                memcpy
 .text.memset   0x0000000000000bcc        0xc /Users/jonathan/pebble-dev/PebbleSDK-3.0-dp3/Pebble/basalt/lib/libpebble.a(tmp4Ztj47pebble.o)
                0x0000000000000bcc                memset
 .text.text_layer_create
                0x0000000000000bd8        0xc /Users/jonathan/pebble-dev/PebbleSDK-3.0-dp3/Pebble/basalt/lib/libpebble.a(tmp4Ztj47pebble.o)
                0x0000000000000bd8                text_layer_create
 .text.text_layer_destroy
                0x0000000000000be4        0xc /Users/jonathan/pebble-dev/PebbleSDK-3.0-dp3/Pebble/basalt/lib/libpebble.a(tmp4Ztj47pebble.o)
                0x0000000000000be4                text_layer_destroy
 .text.text_layer_get_layer
                0x0000000000000bf0        0xc /Users/jonathan/pebble-dev/PebbleSDK-3.0-dp3/Pebble/basalt/lib/libpebble.a(tmp4Ztj47pebble.o)
                0x0000000000000bf0                text_layer_get_layer
 .text.text_layer_set_font
                0x0000000000000bfc        0xc /Users/jonathan/pebble-dev/PebbleSDK-3.0-dp3/Pebble/basalt/lib/libpebble.a(tmp4Ztj47pebble.o)
                0x0000000000000bfc                text_layer_set_font
 .text.text_layer_set_text
                0x0000000000000c08        0xc /Users/jonathan/pebble-dev/PebbleSDK-3.0-dp3/Pebble/basalt/lib/libpebble.a(tmp4Ztj47pebble.o)
                0x0000000000000c08                text_layer_set_text
 .text.window_create
                0x0000000000000c14        0xc /Users/jonathan/pebble-dev/PebbleSDK-3.0-dp3/Pebble/basalt/lib/libpebble.a(tmp4Ztj47pebble.o)
                0x0000000000000c14                window_create
 .text.window_destroy
                0x0000000000000c20        0xc /Users/jonathan/pebble-dev/PebbleSDK-3.0-dp3/Pebble/basalt/lib/libpebble.a(tmp4Ztj47pebble.o)
                0x0000000000000c20                window_destroy
 .text.window_get_root_layer
                0x0000000000000c2c        0xc /Users/jonathan/pebble-dev/PebbleSDK-3.0-dp3/Pebble/basalt/lib/libpebble.a(tmp4Ztj47pebble.o)
                0x0000000000000c2c                window_get_root_layer
 .text.window_set_click_config_provider
                0x0000000000000c38        0xc /Users/jonathan/pebble-dev/PebbleSDK-3.0-dp3/Pebble/basalt/lib/libpebble.a(tmp4Ztj47pebble.o)
                0x0000000000000c38                window_set_click_config_provider
 .text.window_set_window_handlers
                0x0000000000000c44        0xc /Users/jonathan/pebble-dev/PebbleSDK-3.0-dp3/Pebble/basalt/lib/libpebble.a(tmp4Ztj47pebble.o)
                0x0000000000000c44                window_set_window_handlers
 .text.window_stack_push
                0x0000000000000c50        0xc /Users/jonathan/pebble-dev/PebbleSDK-3.0-dp3/Pebble/basalt/lib/libpebble.a(tmp4Ztj47pebble.o)
                0x0000000000000c50                window_stack_push
 .text.window_single_click_subscribe
                0x0000000000000c5c        0xc /Users/jonathan/pebble-dev/PebbleSDK-3.0-dp3/Pebble/basalt/lib/libpebble.a(tmp4Ztj47pebble.o)
                0x0000000000000c5c                window_single_click_subscribe
 .text.GColorEq
                0x0000000000000c68        0xc /Users/jonathan/pebble-dev/PebbleSDK-3.0-dp3/Pebble/basalt/lib/libpebble.a(tmp4Ztj47pebble.o)
                0x0000000000000c68                GColorEq
 .text.bitmap_layer_set_background_color
                0x0000000000000c74        0xc /Users/jonathan/pebble-dev/PebbleSDK-3.0-dp3/Pebble/basalt/lib/libpebble.a(tmp4Ztj47pebble.o)
                0x0000000000000c74                bitmap_layer_set_background_color
 .text.text_layer_set_background_color
                0x0000000000000c80        0xc /Users/jonathan/pebble-dev/PebbleSDK-3.0-dp3/Pebble/basalt/lib/libpebble.a(tmp4Ztj47pebble.o)
                0x0000000000000c80                text_layer_set_background_color
 .text.text_layer_set_text_color
                0x0000000000000c8c        0xc /Users/jonathan/pebble-dev/PebbleSDK-3.0-dp3/Pebble/basalt/lib/libpebble.a(tmp4Ztj47pebble.o)
                0x0000000000000c8c                text_layer_set_text_color
 .text.gbitmap_get_format
                0x0000000000000c98        0xc /Users/jonathan/pebble-dev/PebbleSDK-3.0-dp3/Pebble/basalt/lib/libpebble.a(tmp4Ztj47pebble.o)
                0x0000000000000c98                gbitmap_get_format
 .text.gbitmap_get_palette
                0x0000000000000ca4        0xc /Users/jonathan/pebble-dev/PebbleSDK-3.0-dp3/Pebble/basalt/lib/libpebble.a(tmp4Ztj47pebble.o)
                0x0000000000000ca4                gbitmap_get_palette
 *(.rodata)
 .rodata        0x0000000000000cb0       0x10 src/palette_tester.c.23.o
 *(.rodata*)
 .rodata.str1.1
                0x0000000000000cc0      0x59c src/gbitmap_colour_manipulator.c.23.o
 .rodata.CSWTCH.13
                0x000000000000125c        0x3 src/gbitmap_colour_manipulator.c.23.o
 .rodata.str1.1
                0x000000000000125f       0x1b src/palette_tester.c.23.o

.glue_7         0x000000000000127c        0x0
 .glue_7        0x0000000000000000        0x0 linker stubs

.glue_7t        0x000000000000127c        0x0
 .glue_7t       0x0000000000000000        0x0 linker stubs

.vfp11_veneer   0x000000000000127c        0x0
 .vfp11_veneer  0x0000000000000000        0x0 linker stubs

.v4_bx          0x000000000000127c        0x0
 .v4_bx         0x0000000000000000        0x0 linker stubs

.iplt           0x000000000000127c        0x0
 .iplt          0x0000000000000000        0x0 /Users/jonathan/pebble-dev/PebbleSDK-3.0-dp3/arm-cs-tools/bin/../lib/gcc/arm-none-eabi/4.7.2/thumb2/crtbegin.o

.rel.dyn        0x000000000000127c        0x0
 .rel.iplt      0x0000000000000000        0x0 /Users/jonathan/pebble-dev/PebbleSDK-3.0-dp3/arm-cs-tools/bin/../lib/gcc/arm-none-eabi/4.7.2/thumb2/crtbegin.o

.data           0x000000000000127c        0x4
 *(.data)
 .data          0x000000000000127c        0x0 /Users/jonathan/pebble-dev/PebbleSDK-3.0-dp3/arm-cs-tools/bin/../lib/gcc/arm-none-eabi/4.7.2/thumb2/crti.o
 .data          0x000000000000127c        0x4 /Users/jonathan/pebble-dev/PebbleSDK-3.0-dp3/arm-cs-tools/bin/../lib/gcc/arm-none-eabi/4.7.2/thumb2/crtbegin.o
                0x000000000000127c                __dso_handle
 .data          0x0000000000001280        0x0 src/gbitmap_colour_manipulator.c.23.o
 .data          0x0000000000001280        0x0 src/palette_tester.c.23.o
 .data          0x0000000000001280        0x0 basalt/appinfo.auto.c.23.o
 .data          0x0000000000001280        0x0 /Users/jonathan/pebble-dev/PebbleSDK-3.0-dp3/Pebble/basalt/lib/libpebble.a(tmp4Ztj47pebble.o)
 .data          0x0000000000001280        0x0 /Users/jonathan/pebble-dev/PebbleSDK-3.0-dp3/arm-cs-tools/bin/../lib/gcc/arm-none-eabi/4.7.2/thumb2/crtend.o
 .data          0x0000000000001280        0x0 /Users/jonathan/pebble-dev/PebbleSDK-3.0-dp3/arm-cs-tools/bin/../lib/gcc/arm-none-eabi/4.7.2/thumb2/crtn.o
 *(.data.*)

.igot.plt       0x0000000000001280        0x0
 .igot.plt      0x0000000000000000        0x0 /Users/jonathan/pebble-dev/PebbleSDK-3.0-dp3/arm-cs-tools/bin/../lib/gcc/arm-none-eabi/4.7.2/thumb2/crtbegin.o

.bss            0x0000000000001280       0x10
 *(.bss)
 *(.bss.*)
 .bss.m_text_l  0x0000000000001280        0x4 src/palette_tester.c.23.o
 .bss.image     0x0000000000001284        0x4 src/palette_tester.c.23.o
 .bss.b_layer   0x0000000000001288        0x4 src/palette_tester.c.23.o
 .bss.window    0x000000000000128c        0x4 src/palette_tester.c.23.o

DISCARD
 libc.a(*)
 libm.a(*)
 libgcc.a(*)
 *(.eh_frame)
OUTPUT(/Users/jonathan/repositories/GBitmap-Colour-Palette-Manipulator/build/basalt/pebble-app.elf elf32-littlearm)

.ARM.attributes
                0x0000000000000000       0x27
 .ARM.attributes
                0x0000000000000000       0x19 /Users/jonathan/pebble-dev/PebbleSDK-3.0-dp3/arm-cs-tools/bin/../lib/gcc/arm-none-eabi/4.7.2/thumb2/crti.o
 .ARM.attributes
                0x0000000000000019       0x29 /Users/jonathan/pebble-dev/PebbleSDK-3.0-dp3/arm-cs-tools/bin/../lib/gcc/arm-none-eabi/4.7.2/thumb2/crtbegin.o
 .ARM.attributes
                0x0000000000000042       0x33 src/gbitmap_colour_manipulator.c.23.o
 .ARM.attributes
                0x0000000000000075       0x33 src/palette_tester.c.23.o
 .ARM.attributes
                0x00000000000000a8       0x33 basalt/appinfo.auto.c.23.o
 .ARM.attributes
                0x00000000000000db       0x21 /Users/jonathan/pebble-dev/PebbleSDK-3.0-dp3/Pebble/basalt/lib/libpebble.a(tmp4Ztj47pebble.o)
 .ARM.attributes
                0x00000000000000fc       0x29 /Users/jonathan/pebble-dev/PebbleSDK-3.0-dp3/arm-cs-tools/bin/../lib/gcc/arm-none-eabi/4.7.2/thumb2/crtend.o
 .ARM.attributes
                0x0000000000000125       0x19 /Users/jonathan/pebble-dev/PebbleSDK-3.0-dp3/arm-cs-tools/bin/../lib/gcc/arm-none-eabi/4.7.2/thumb2/crtn.o

.comment        0x0000000000000000       0x4e
 .comment       0x0000000000000000       0x4e /Users/jonathan/pebble-dev/PebbleSDK-3.0-dp3/arm-cs-tools/bin/../lib/gcc/arm-none-eabi/4.7.2/thumb2/crtbegin.o
                                         0x4f (size before relaxing)
 .comment       0x0000000000000000       0x4f src/gbitmap_colour_manipulator.c.23.o
 .comment       0x0000000000000000       0x4f src/palette_tester.c.23.o
 .comment       0x0000000000000000       0x4f basalt/appinfo.auto.c.23.o
 .comment       0x0000000000000000       0x4f /Users/jonathan/pebble-dev/PebbleSDK-3.0-dp3/arm-cs-tools/bin/../lib/gcc/arm-none-eabi/4.7.2/thumb2/crtend.o

.debug_info     0x0000000000000000     0x1b2b
 .debug_info    0x0000000000000000      0xd54 src/gbitmap_colour_manipulator.c.23.o
 .debug_info    0x0000000000000d54      0xac9 src/palette_tester.c.23.o
 .debug_info    0x000000000000181d      0x30e basalt/appinfo.auto.c.23.o

.debug_abbrev   0x0000000000000000      0x5b6
 .debug_abbrev  0x0000000000000000      0x22a src/gbitmap_colour_manipulator.c.23.o
 .debug_abbrev  0x000000000000022a      0x2ee src/palette_tester.c.23.o
 .debug_abbrev  0x0000000000000518       0x9e basalt/appinfo.auto.c.23.o

.debug_loc      0x0000000000000000      0x550
 .debug_loc     0x0000000000000000      0x32b src/gbitmap_colour_manipulator.c.23.o
 .debug_loc     0x000000000000032b      0x225 src/palette_tester.c.23.o

.debug_aranges  0x0000000000000000       0xa8
 .debug_aranges
                0x0000000000000000       0x40 src/gbitmap_colour_manipulator.c.23.o
 .debug_aranges
                0x0000000000000040       0x50 src/palette_tester.c.23.o
 .debug_aranges
                0x0000000000000090       0x18 basalt/appinfo.auto.c.23.o

.debug_ranges   0x0000000000000000       0xf0
 .debug_ranges  0x0000000000000000       0x80 src/gbitmap_colour_manipulator.c.23.o
 .debug_ranges  0x0000000000000080       0x70 src/palette_tester.c.23.o

.debug_line     0x0000000000000000      0x60e
 .debug_line    0x0000000000000000      0x24b src/gbitmap_colour_manipulator.c.23.o
 .debug_line    0x000000000000024b      0x284 src/palette_tester.c.23.o
 .debug_line    0x00000000000004cf      0x13f basalt/appinfo.auto.c.23.o

.debug_str      0x0000000000000000      0x8bc
 .debug_str     0x0000000000000000      0x32e src/gbitmap_colour_manipulator.c.23.o
                                        0x374 (size before relaxing)
 .debug_str     0x000000000000032e      0x41a src/palette_tester.c.23.o
                                        0x679 (size before relaxing)
 .debug_str     0x0000000000000748      0x174 basalt/appinfo.auto.c.23.o
                                        0x2c3 (size before relaxing)

.debug_frame    0x0000000000000000      0x164
 .debug_frame   0x0000000000000000       0xa4 src/gbitmap_colour_manipulator.c.23.o
 .debug_frame   0x00000000000000a4       0xc0 src/palette_tester.c.23.o
